Jan 24 12:28:04 rescue kernel: Linux version 6.2.0-rc4-next-20230120 (cjeon@rescue) (gcc (GCC) 12.2.1 20230111, GNU ld (GNU Binutils) 2.40) #1 SMP PREEMPT_DYNAMIC Mon Jan 23 13:37:43 KST 2023
Jan 24 12:28:04 rescue kernel: Command line: root=/dev/sda2 zswap.enabled=0 rootfstype=ext4 rw
Jan 24 12:28:04 rescue kernel: x86/fpu: Supporting XSAVE feature 0x001: 'x87 floating point registers'
Jan 24 12:28:04 rescue kernel: x86/fpu: Supporting XSAVE feature 0x002: 'SSE registers'
Jan 24 12:28:04 rescue kernel: x86/fpu: Supporting XSAVE feature 0x004: 'AVX registers'
Jan 24 12:28:04 rescue kernel: x86/fpu: xstate_offset[2]:  576, xstate_sizes[2]:  256
Jan 24 12:28:04 rescue kernel: x86/fpu: Enabled xstate features 0x7, context size is 832 bytes, using 'standard' format.
Jan 24 12:28:04 rescue kernel: signal: max sigframe size: 1776
Jan 24 12:28:04 rescue kernel: BIOS-provided physical RAM map:
Jan 24 12:28:04 rescue kernel: BIOS-e820: [mem 0x0000000000000000-0x000000000009fbff] usable
Jan 24 12:28:04 rescue kernel: BIOS-e820: [mem 0x000000000009fc00-0x000000000009ffff] reserved
Jan 24 12:28:04 rescue kernel: BIOS-e820: [mem 0x00000000000f0000-0x00000000000fffff] reserved
Jan 24 12:28:04 rescue kernel: BIOS-e820: [mem 0x0000000000100000-0x000000007ffddfff] usable
Jan 24 12:28:04 rescue kernel: BIOS-e820: [mem 0x000000007ffde000-0x000000007fffffff] reserved
Jan 24 12:28:04 rescue kernel: BIOS-e820: [mem 0x00000000b0000000-0x00000000bfffffff] reserved
Jan 24 12:28:04 rescue kernel: BIOS-e820: [mem 0x00000000fed1c000-0x00000000fed1ffff] reserved
Jan 24 12:28:04 rescue kernel: BIOS-e820: [mem 0x00000000fffc0000-0x00000000ffffffff] reserved
Jan 24 12:28:04 rescue kernel: BIOS-e820: [mem 0x0000000100000000-0x000000027fffffff] usable
Jan 24 12:28:04 rescue kernel: random: crng init done
Jan 24 12:28:04 rescue kernel: NX (Execute Disable) protection: active
Jan 24 12:28:04 rescue kernel: e820: update [mem 0x00ceefe0-0x00ceefef] usable ==> usable
Jan 24 12:28:04 rescue kernel: e820: update [mem 0x00ceefe0-0x00ceefef] usable ==> usable
Jan 24 12:28:04 rescue kernel: extended physical RAM map:
Jan 24 12:28:04 rescue kernel: reserve setup_data: [mem 0x0000000000000000-0x000000000009fbff] usable
Jan 24 12:28:04 rescue kernel: reserve setup_data: [mem 0x000000000009fc00-0x000000000009ffff] reserved
Jan 24 12:28:04 rescue kernel: reserve setup_data: [mem 0x00000000000f0000-0x00000000000fffff] reserved
Jan 24 12:28:04 rescue kernel: reserve setup_data: [mem 0x0000000000100000-0x0000000000ceefdf] usable
Jan 24 12:28:04 rescue kernel: reserve setup_data: [mem 0x0000000000ceefe0-0x0000000000ceefef] usable
Jan 24 12:28:04 rescue kernel: reserve setup_data: [mem 0x0000000000ceeff0-0x000000007ffddfff] usable
Jan 24 12:28:04 rescue kernel: reserve setup_data: [mem 0x000000007ffde000-0x000000007fffffff] reserved
Jan 24 12:28:04 rescue kernel: reserve setup_data: [mem 0x00000000b0000000-0x00000000bfffffff] reserved
Jan 24 12:28:04 rescue kernel: reserve setup_data: [mem 0x00000000fed1c000-0x00000000fed1ffff] reserved
Jan 24 12:28:04 rescue kernel: reserve setup_data: [mem 0x00000000fffc0000-0x00000000ffffffff] reserved
Jan 24 12:28:04 rescue kernel: reserve setup_data: [mem 0x0000000100000000-0x000000027fffffff] usable
Jan 24 12:28:04 rescue kernel: SMBIOS 2.8 present.
Jan 24 12:28:04 rescue kernel: DMI: QEMU Standard PC (Q35 + ICH9, 2009), BIOS rel-1.16.1-0-g3208b098f51a-prebuilt.qemu.org 04/01/2014
Jan 24 12:28:04 rescue kernel: e820: update [mem 0x00000000-0x00000fff] usable ==> reserved
Jan 24 12:28:04 rescue kernel: e820: remove [mem 0x000a0000-0x000fffff] usable
Jan 24 12:28:04 rescue kernel: last_pfn = 0x280000 max_arch_pfn = 0x400000000
Jan 24 12:28:04 rescue kernel: MTRRs disabled by BIOS
Jan 24 12:28:04 rescue kernel: x86/PAT: PAT support disabled by the firmware.
Jan 24 12:28:04 rescue kernel: x86/PAT: Configuration [0-7]: WB  WT  UC- UC  WB  WT  UC- UC  
Jan 24 12:28:04 rescue kernel: last_pfn = 0x7ffde max_arch_pfn = 0x400000000
Jan 24 12:28:04 rescue kernel: found SMP MP-table at [mem 0x000f5be0-0x000f5bef]
Jan 24 12:28:04 rescue kernel: Using GB pages for direct mapping
Jan 24 12:28:04 rescue kernel: ACPI: Early table checksum verification disabled
Jan 24 12:28:04 rescue kernel: ACPI: RSDP 0x00000000000F59F0 000014 (v00 BOCHS )
Jan 24 12:28:04 rescue kernel: ACPI: RSDT 0x000000007FFE24B4 000038 (v01 BOCHS  BXPC     00000001 BXPC 00000001)
Jan 24 12:28:04 rescue kernel: ACPI: FACP 0x000000007FFE2284 0000F4 (v03 BOCHS  BXPC     00000001 BXPC 00000001)
Jan 24 12:28:04 rescue kernel: ACPI: DSDT 0x000000007FFE0040 002244 (v01 BOCHS  BXPC     00000001 BXPC 00000001)
Jan 24 12:28:04 rescue kernel: ACPI: FACS 0x000000007FFE0000 000040
Jan 24 12:28:04 rescue kernel: ACPI: APIC 0x000000007FFE2378 0000A0 (v01 BOCHS  BXPC     00000001 BXPC 00000001)
Jan 24 12:28:04 rescue kernel: ACPI: HPET 0x000000007FFE2418 000038 (v01 BOCHS  BXPC     00000001 BXPC 00000001)
Jan 24 12:28:04 rescue kernel: ACPI: MCFG 0x000000007FFE2450 00003C (v01 BOCHS  BXPC     00000001 BXPC 00000001)
Jan 24 12:28:04 rescue kernel: ACPI: WAET 0x000000007FFE248C 000028 (v01 BOCHS  BXPC     00000001 BXPC 00000001)
Jan 24 12:28:04 rescue kernel: ACPI: Reserving FACP table memory at [mem 0x7ffe2284-0x7ffe2377]
Jan 24 12:28:04 rescue kernel: ACPI: Reserving DSDT table memory at [mem 0x7ffe0040-0x7ffe2283]
Jan 24 12:28:04 rescue kernel: ACPI: Reserving FACS table memory at [mem 0x7ffe0000-0x7ffe003f]
Jan 24 12:28:04 rescue kernel: ACPI: Reserving APIC table memory at [mem 0x7ffe2378-0x7ffe2417]
Jan 24 12:28:04 rescue kernel: ACPI: Reserving HPET table memory at [mem 0x7ffe2418-0x7ffe244f]
Jan 24 12:28:04 rescue kernel: ACPI: Reserving MCFG table memory at [mem 0x7ffe2450-0x7ffe248b]
Jan 24 12:28:04 rescue kernel: ACPI: Reserving WAET table memory at [mem 0x7ffe248c-0x7ffe24b3]
Jan 24 12:28:04 rescue kernel: No NUMA configuration found
Jan 24 12:28:04 rescue kernel: Faking a node at [mem 0x0000000000000000-0x000000027fffffff]
Jan 24 12:28:04 rescue kernel: NODE_DATA(0) allocated [mem 0x27fffa000-0x27fffdfff]
Jan 24 12:28:04 rescue kernel: Zone ranges:
Jan 24 12:28:04 rescue kernel:   DMA      [mem 0x0000000000001000-0x0000000000ffffff]
Jan 24 12:28:04 rescue kernel:   DMA32    [mem 0x0000000001000000-0x00000000ffffffff]
Jan 24 12:28:04 rescue kernel:   Normal   [mem 0x0000000100000000-0x000000027fffffff]
Jan 24 12:28:04 rescue kernel: Movable zone start for each node
Jan 24 12:28:04 rescue kernel: Early memory node ranges
Jan 24 12:28:04 rescue kernel:   node   0: [mem 0x0000000000001000-0x000000000009efff]
Jan 24 12:28:04 rescue kernel:   node   0: [mem 0x0000000000100000-0x000000007ffddfff]
Jan 24 12:28:04 rescue kernel:   node   0: [mem 0x0000000100000000-0x000000027fffffff]
Jan 24 12:28:04 rescue kernel: Initmem setup node 0 [mem 0x0000000000001000-0x000000027fffffff]
Jan 24 12:28:04 rescue kernel: On node 0, zone DMA: 1 pages in unavailable ranges
Jan 24 12:28:04 rescue kernel: On node 0, zone DMA: 97 pages in unavailable ranges
Jan 24 12:28:04 rescue kernel: On node 0, zone Normal: 34 pages in unavailable ranges
Jan 24 12:28:04 rescue kernel: ACPI: PM-Timer IO Port: 0x608
Jan 24 12:28:04 rescue kernel: ACPI: LAPIC_NMI (acpi_id[0xff] dfl dfl lint[0x1])
Jan 24 12:28:04 rescue kernel: IOAPIC[0]: apic_id 0, version 32, address 0xfec00000, GSI 0-23
Jan 24 12:28:04 rescue kernel: ACPI: INT_SRC_OVR (bus 0 bus_irq 0 global_irq 2 dfl dfl)
Jan 24 12:28:04 rescue kernel: ACPI: INT_SRC_OVR (bus 0 bus_irq 5 global_irq 5 high level)
Jan 24 12:28:04 rescue kernel: ACPI: INT_SRC_OVR (bus 0 bus_irq 9 global_irq 9 high level)
Jan 24 12:28:04 rescue kernel: ACPI: INT_SRC_OVR (bus 0 bus_irq 10 global_irq 10 high level)
Jan 24 12:28:04 rescue kernel: ACPI: INT_SRC_OVR (bus 0 bus_irq 11 global_irq 11 high level)
Jan 24 12:28:04 rescue kernel: ACPI: Using ACPI (MADT) for SMP configuration information
Jan 24 12:28:04 rescue kernel: ACPI: HPET id: 0x8086a201 base: 0xfed00000
Jan 24 12:28:04 rescue kernel: smpboot: Allowing 6 CPUs, 0 hotplug CPUs
Jan 24 12:28:04 rescue kernel: PM: hibernation: Registered nosave memory: [mem 0x00000000-0x00000fff]
Jan 24 12:28:04 rescue kernel: PM: hibernation: Registered nosave memory: [mem 0x0009f000-0x0009ffff]
Jan 24 12:28:04 rescue kernel: PM: hibernation: Registered nosave memory: [mem 0x000a0000-0x000effff]
Jan 24 12:28:04 rescue kernel: PM: hibernation: Registered nosave memory: [mem 0x000f0000-0x000fffff]
Jan 24 12:28:04 rescue kernel: PM: hibernation: Registered nosave memory: [mem 0x00cee000-0x00ceefff]
Jan 24 12:28:04 rescue kernel: PM: hibernation: Registered nosave memory: [mem 0x00cee000-0x00ceefff]
Jan 24 12:28:04 rescue kernel: PM: hibernation: Registered nosave memory: [mem 0x7ffde000-0x7fffffff]
Jan 24 12:28:04 rescue kernel: PM: hibernation: Registered nosave memory: [mem 0x80000000-0xafffffff]
Jan 24 12:28:04 rescue kernel: PM: hibernation: Registered nosave memory: [mem 0xb0000000-0xbfffffff]
Jan 24 12:28:04 rescue kernel: PM: hibernation: Registered nosave memory: [mem 0xc0000000-0xfed1bfff]
Jan 24 12:28:04 rescue kernel: PM: hibernation: Registered nosave memory: [mem 0xfed1c000-0xfed1ffff]
Jan 24 12:28:04 rescue kernel: PM: hibernation: Registered nosave memory: [mem 0xfed20000-0xfffbffff]
Jan 24 12:28:04 rescue kernel: PM: hibernation: Registered nosave memory: [mem 0xfffc0000-0xffffffff]
Jan 24 12:28:04 rescue kernel: [mem 0xc0000000-0xfed1bfff] available for PCI devices
Jan 24 12:28:04 rescue kernel: Booting paravirtualized kernel on bare hardware
Jan 24 12:28:04 rescue kernel: clocksource: refined-jiffies: mask: 0xffffffff max_cycles: 0xffffffff, max_idle_ns: 1910969940391419 ns
Jan 24 12:28:04 rescue kernel: setup_percpu: NR_CPUS:64 nr_cpumask_bits:6 nr_cpu_ids:6 nr_node_ids:1
Jan 24 12:28:04 rescue kernel: percpu: Embedded 54 pages/cpu s182248 r8192 d30744 u262144
Jan 24 12:28:04 rescue kernel: pcpu-alloc: s182248 r8192 d30744 u262144 alloc=1*2097152
Jan 24 12:28:04 rescue kernel: pcpu-alloc: [0] 0 1 2 3 4 5 - - 
Jan 24 12:28:04 rescue kernel: Fallback order for Node 0: 0 
Jan 24 12:28:04 rescue kernel: Built 1 zonelists, mobility grouping on.  Total pages: 2064092
Jan 24 12:28:04 rescue kernel: Policy zone: Normal
Jan 24 12:28:04 rescue kernel: Kernel command line: root=/dev/sda2 zswap.enabled=0 rootfstype=ext4 rw
Jan 24 12:28:04 rescue kernel: Dentry cache hash table entries: 1048576 (order: 11, 8388608 bytes, linear)
Jan 24 12:28:04 rescue kernel: Inode-cache hash table entries: 524288 (order: 10, 4194304 bytes, linear)
Jan 24 12:28:04 rescue kernel: mem auto-init: stack:all(zero), heap alloc:off, heap free:off
Jan 24 12:28:04 rescue kernel: software IO TLB: area num 8.
Jan 24 12:28:04 rescue kernel: Memory: 8137124K/8388080K available (18432K kernel code, 2647K rwdata, 6340K rodata, 2500K init, 1840K bss, 250696K reserved, 0K cma-reserved)
Jan 24 12:28:04 rescue kernel: SLUB: HWalign=64, Order=0-3, MinObjects=0, CPUs=6, Nodes=1
Jan 24 12:28:04 rescue kernel: Kernel/User page tables isolation: enabled
Jan 24 12:28:04 rescue kernel: Dynamic Preempt: voluntary
Jan 24 12:28:04 rescue kernel: rcu: Preemptible hierarchical RCU implementation.
Jan 24 12:28:04 rescue kernel: rcu:         RCU event tracing is enabled.
Jan 24 12:28:04 rescue kernel: rcu:         RCU restricting CPUs from NR_CPUS=64 to nr_cpu_ids=6.
Jan 24 12:28:04 rescue kernel:         Trampoline variant of Tasks RCU enabled.
Jan 24 12:28:04 rescue kernel: rcu: RCU calculated value of scheduler-enlistment delay is 100 jiffies.
Jan 24 12:28:04 rescue kernel: rcu: Adjusting geometry for rcu_fanout_leaf=16, nr_cpu_ids=6
Jan 24 12:28:04 rescue kernel: NR_IRQS: 4352, nr_irqs: 472, preallocated irqs: 16
Jan 24 12:28:04 rescue kernel: rcu: srcu_init: Setting srcu_struct sizes based on contention.
Jan 24 12:28:04 rescue kernel: Console: colour VGA+ 80x25
Jan 24 12:28:04 rescue kernel: printk: console [tty0] enabled
Jan 24 12:28:04 rescue kernel: ACPI: Core revision 20221020
Jan 24 12:28:04 rescue kernel: clocksource: hpet: mask: 0xffffffff max_cycles: 0xffffffff, max_idle_ns: 19112604467 ns
Jan 24 12:28:04 rescue kernel: APIC: Switch to symmetric I/O mode setup
Jan 24 12:28:04 rescue kernel: ..TIMER: vector=0x30 apic1=0 pin1=2 apic2=-1 pin2=-1
Jan 24 12:28:04 rescue kernel: tsc: PIT calibration matches HPET. 2 loops
Jan 24 12:28:04 rescue kernel: tsc: Detected 3095.728 MHz processor
Jan 24 12:28:04 rescue kernel: clocksource: tsc-early: mask: 0xffffffffffffffff max_cycles: 0x2c9f83b7ba2, max_idle_ns: 440795225179 ns
Jan 24 12:28:04 rescue kernel: Calibrating delay loop (skipped), value calculated using timer frequency.. 6191.45 BogoMIPS (lpj=3095728)
Jan 24 12:28:04 rescue kernel: pid_max: default: 32768 minimum: 301
Jan 24 12:28:04 rescue kernel: LSM: initializing lsm=capability,integrity,selinux
Jan 24 12:28:04 rescue kernel: SELinux:  Initializing.
Jan 24 12:28:04 rescue kernel: Mount-cache hash table entries: 16384 (order: 5, 131072 bytes, linear)
Jan 24 12:28:04 rescue kernel: Mountpoint-cache hash table entries: 16384 (order: 5, 131072 bytes, linear)
Jan 24 12:28:04 rescue kernel: Last level iTLB entries: 4KB 0, 2MB 0, 4MB 0
Jan 24 12:28:04 rescue kernel: Last level dTLB entries: 4KB 0, 2MB 0, 4MB 0, 1GB 0
Jan 24 12:28:04 rescue kernel: Spectre V1 : Mitigation: usercopy/swapgs barriers and __user pointer sanitization
Jan 24 12:28:04 rescue kernel: Spectre V2 : Mitigation: Retpolines
Jan 24 12:28:04 rescue kernel: Spectre V2 : Spectre v2 / SpectreRSB mitigation: Filling RSB on context switch
Jan 24 12:28:04 rescue kernel: Spectre V2 : Spectre v2 / SpectreRSB : Filling RSB on VMEXIT
Jan 24 12:28:04 rescue kernel: RETBleed: WARNING: Spectre v2 mitigation leaves CPU vulnerable to RETBleed attacks, data leaks possible!
Jan 24 12:28:04 rescue kernel: RETBleed: Vulnerable
Jan 24 12:28:04 rescue kernel: Speculative Store Bypass: Vulnerable
Jan 24 12:28:04 rescue kernel: MDS: Vulnerable: Clear CPU buffers attempted, no microcode
Jan 24 12:28:04 rescue kernel: TAA: Vulnerable: Clear CPU buffers attempted, no microcode
Jan 24 12:28:04 rescue kernel: MMIO Stale Data: Vulnerable: Clear CPU buffers attempted, no microcode
Jan 24 12:28:04 rescue kernel: SRBDS: Unknown: Dependent on hypervisor status
Jan 24 12:28:04 rescue kernel: Freeing SMP alternatives memory: 44K
Jan 24 12:28:04 rescue kernel: smpboot: CPU0: Intel 06/9e (family: 0x6, model: 0x9e, stepping: 0xa)
Jan 24 12:28:04 rescue kernel: cblist_init_generic: Setting adjustable number of callback queues.
Jan 24 12:28:04 rescue kernel: cblist_init_generic: Setting shift to 3 and lim to 1.
Jan 24 12:28:04 rescue kernel: Performance Events: unsupported p6 CPU model 158 no PMU driver, software events only.
Jan 24 12:28:04 rescue kernel: rcu: Hierarchical SRCU implementation.
Jan 24 12:28:04 rescue kernel: rcu:         Max phase no-delay instances is 400.
Jan 24 12:28:04 rescue kernel: smp: Bringing up secondary CPUs ...
Jan 24 12:28:04 rescue kernel: x86: Booting SMP configuration:
Jan 24 12:28:04 rescue kernel: .... node  #0, CPUs:      #1
Jan 24 12:28:04 rescue kernel: MDS CPU bug present and SMT on, data leak possible. See https://www.kernel.org/doc/html/latest/admin-guide/hw-vuln/mds.html for more details.
Jan 24 12:28:04 rescue kernel: TAA CPU bug present and SMT on, data leak possible. See https://www.kernel.org/doc/html/latest/admin-guide/hw-vuln/tsx_async_abort.html for more details.
Jan 24 12:28:04 rescue kernel: MMIO Stale Data CPU bug present and SMT on, data leak possible. See https://www.kernel.org/doc/html/latest/admin-guide/hw-vuln/processor_mmio_stale_data.html for more details.
Jan 24 12:28:04 rescue kernel:  #2 #3 #4 #5
Jan 24 12:28:04 rescue kernel: smp: Brought up 1 node, 6 CPUs
Jan 24 12:28:04 rescue kernel: smpboot: Max logical packages: 1
Jan 24 12:28:04 rescue kernel: smpboot: Total of 6 processors activated (37148.73 BogoMIPS)
Jan 24 12:28:04 rescue kernel: devtmpfs: initialized
Jan 24 12:28:04 rescue kernel: clocksource: jiffies: mask: 0xffffffff max_cycles: 0xffffffff, max_idle_ns: 1911260446275000 ns
Jan 24 12:28:04 rescue kernel: futex hash table entries: 2048 (order: 5, 131072 bytes, linear)
Jan 24 12:28:04 rescue kernel: PM: RTC time: 03:28:03, date: 2023-01-24
Jan 24 12:28:04 rescue kernel: NET: Registered PF_NETLINK/PF_ROUTE protocol family
Jan 24 12:28:04 rescue kernel: audit: initializing netlink subsys (disabled)
Jan 24 12:28:04 rescue kernel: audit: type=2000 audit(1674530882.155:1): state=initialized audit_enabled=0 res=1
Jan 24 12:28:04 rescue kernel: thermal_sys: Registered thermal governor 'step_wise'
Jan 24 12:28:04 rescue kernel: thermal_sys: Registered thermal governor 'user_space'
Jan 24 12:28:04 rescue kernel: cpuidle: using governor menu
Jan 24 12:28:04 rescue kernel: PCI: MMCONFIG for domain 0000 [bus 00-ff] at [mem 0xb0000000-0xbfffffff] (base 0xb0000000)
Jan 24 12:28:04 rescue kernel: PCI: MMCONFIG at [mem 0xb0000000-0xbfffffff] reserved as E820 entry
Jan 24 12:28:04 rescue kernel: PCI: Using configuration type 1 for base access
Jan 24 12:28:04 rescue kernel: kprobes: kprobe jump-optimization is enabled. All kprobes are optimized if possible.
Jan 24 12:28:04 rescue kernel: HugeTLB: registered 2.00 MiB page size, pre-allocated 0 pages
Jan 24 12:28:04 rescue kernel: HugeTLB: 28 KiB vmemmap can be freed for a 2.00 MiB page
Jan 24 12:28:04 rescue kernel: ACPI: Added _OSI(Module Device)
Jan 24 12:28:04 rescue kernel: ACPI: Added _OSI(Processor Device)
Jan 24 12:28:04 rescue kernel: ACPI: Added _OSI(3.0 _SCP Extensions)
Jan 24 12:28:04 rescue kernel: ACPI: Added _OSI(Processor Aggregator Device)
Jan 24 12:28:04 rescue kernel: ACPI: 1 ACPI AML tables successfully acquired and loaded
Jan 24 12:28:04 rescue kernel: ACPI: Interpreter enabled
Jan 24 12:28:04 rescue kernel: ACPI: PM: (supports S0 S3 S4 S5)
Jan 24 12:28:04 rescue kernel: ACPI: Using IOAPIC for interrupt routing
Jan 24 12:28:04 rescue kernel: PCI: Using host bridge windows from ACPI; if necessary, use "pci=nocrs" and report a bug
Jan 24 12:28:04 rescue kernel: PCI: Using E820 reservations for host bridge windows
Jan 24 12:28:04 rescue kernel: ACPI: Enabled 2 GPEs in block 00 to 3F
Jan 24 12:28:04 rescue kernel: ACPI: PCI Root Bridge [PCI0] (domain 0000 [bus 00-ff])
Jan 24 12:28:04 rescue kernel: acpi PNP0A08:00: _OSC: OS supports [ExtendedConfig ASPM ClockPM Segments MSI HPX-Type3]
Jan 24 12:28:04 rescue kernel: acpi PNP0A08:00: _OSC: platform does not support [LTR]
Jan 24 12:28:04 rescue kernel: acpi PNP0A08:00: _OSC: OS now controls [PME PCIeCapability]
Jan 24 12:28:04 rescue kernel: PCI host bridge to bus 0000:00
Jan 24 12:28:04 rescue kernel: pci_bus 0000:00: root bus resource [io  0x0000-0x0cf7 window]
Jan 24 12:28:04 rescue kernel: pci_bus 0000:00: root bus resource [io  0x0d00-0xffff window]
Jan 24 12:28:04 rescue kernel: pci_bus 0000:00: root bus resource [mem 0x000a0000-0x000bffff window]
Jan 24 12:28:04 rescue kernel: pci_bus 0000:00: root bus resource [mem 0x80000000-0xafffffff window]
Jan 24 12:28:04 rescue kernel: pci_bus 0000:00: root bus resource [mem 0xc0000000-0xfebfffff window]
Jan 24 12:28:04 rescue kernel: pci_bus 0000:00: root bus resource [mem 0x280000000-0xa7fffffff window]
Jan 24 12:28:04 rescue kernel: pci_bus 0000:00: root bus resource [bus 00-ff]
Jan 24 12:28:04 rescue kernel: pci 0000:00:00.0: [8086:29c0] type 00 class 0x060000
Jan 24 12:28:04 rescue kernel: pci 0000:00:01.0: [1234:1111] type 00 class 0x030000
Jan 24 12:28:04 rescue kernel: pci 0000:00:01.0: reg 0x10: [mem 0xfd000000-0xfdffffff pref]
Jan 24 12:28:04 rescue kernel: pci 0000:00:01.0: reg 0x18: [mem 0xfebf0000-0xfebf0fff]
Jan 24 12:28:04 rescue kernel: pci 0000:00:01.0: reg 0x30: [mem 0xfebe0000-0xfebeffff pref]
Jan 24 12:28:04 rescue kernel: pci 0000:00:01.0: Video device with shadowed ROM at [mem 0x000c0000-0x000dffff]
Jan 24 12:28:04 rescue kernel: pci 0000:00:02.0: [8086:100e] type 00 class 0x020000
Jan 24 12:28:04 rescue kernel: pci 0000:00:02.0: reg 0x10: [mem 0xfebc0000-0xfebdffff]
Jan 24 12:28:04 rescue kernel: pci 0000:00:02.0: reg 0x14: [io  0xc000-0xc03f]
Jan 24 12:28:04 rescue kernel: pci 0000:00:02.0: reg 0x30: [mem 0xfeb80000-0xfebbffff pref]
Jan 24 12:28:04 rescue kernel: pci 0000:00:1d.0: [8086:2934] type 00 class 0x0c0300
Jan 24 12:28:04 rescue kernel: pci 0000:00:1d.0: reg 0x20: [io  0xc080-0xc09f]
Jan 24 12:28:04 rescue kernel: pci 0000:00:1d.1: [8086:2935] type 00 class 0x0c0300
Jan 24 12:28:04 rescue kernel: pci 0000:00:1d.1: reg 0x20: [io  0xc0a0-0xc0bf]
Jan 24 12:28:04 rescue kernel: pci 0000:00:1d.2: [8086:2936] type 00 class 0x0c0300
Jan 24 12:28:04 rescue kernel: pci 0000:00:1d.2: reg 0x20: [io  0xc0c0-0xc0df]
Jan 24 12:28:04 rescue kernel: pci 0000:00:1d.7: [8086:293a] type 00 class 0x0c0320
Jan 24 12:28:04 rescue kernel: pci 0000:00:1d.7: reg 0x10: [mem 0xfebf1000-0xfebf1fff]
Jan 24 12:28:04 rescue kernel: pci 0000:00:1f.0: [8086:2918] type 00 class 0x060100
Jan 24 12:28:04 rescue kernel: pci 0000:00:1f.0: quirk: [io  0x0600-0x067f] claimed by ICH6 ACPI/GPIO/TCO
Jan 24 12:28:04 rescue kernel: pci 0000:00:1f.2: [8086:2922] type 00 class 0x010601
Jan 24 12:28:04 rescue kernel: pci 0000:00:1f.2: reg 0x20: [io  0xc0e0-0xc0ff]
Jan 24 12:28:04 rescue kernel: pci 0000:00:1f.2: reg 0x24: [mem 0xfebf2000-0xfebf2fff]
Jan 24 12:28:04 rescue kernel: pci 0000:00:1f.3: [8086:2930] type 00 class 0x0c0500
Jan 24 12:28:04 rescue kernel: pci 0000:00:1f.3: reg 0x20: [io  0x0700-0x073f]
Jan 24 12:28:04 rescue kernel: ACPI: PCI: Interrupt link LNKA configured for IRQ 10
Jan 24 12:28:04 rescue kernel: ACPI: PCI: Interrupt link LNKB configured for IRQ 10
Jan 24 12:28:04 rescue kernel: ACPI: PCI: Interrupt link LNKC configured for IRQ 11
Jan 24 12:28:04 rescue kernel: ACPI: PCI: Interrupt link LNKD configured for IRQ 11
Jan 24 12:28:04 rescue kernel: ACPI: PCI: Interrupt link LNKE configured for IRQ 10
Jan 24 12:28:04 rescue kernel: ACPI: PCI: Interrupt link LNKF configured for IRQ 10
Jan 24 12:28:04 rescue kernel: ACPI: PCI: Interrupt link LNKG configured for IRQ 11
Jan 24 12:28:04 rescue kernel: ACPI: PCI: Interrupt link LNKH configured for IRQ 11
Jan 24 12:28:04 rescue kernel: ACPI: PCI: Interrupt link GSIA configured for IRQ 16
Jan 24 12:28:04 rescue kernel: ACPI: PCI: Interrupt link GSIB configured for IRQ 17
Jan 24 12:28:04 rescue kernel: ACPI: PCI: Interrupt link GSIC configured for IRQ 18
Jan 24 12:28:04 rescue kernel: ACPI: PCI: Interrupt link GSID configured for IRQ 19
Jan 24 12:28:04 rescue kernel: ACPI: PCI: Interrupt link GSIE configured for IRQ 20
Jan 24 12:28:04 rescue kernel: ACPI: PCI: Interrupt link GSIF configured for IRQ 21
Jan 24 12:28:04 rescue kernel: ACPI: PCI: Interrupt link GSIG configured for IRQ 22
Jan 24 12:28:04 rescue kernel: ACPI: PCI: Interrupt link GSIH configured for IRQ 23
Jan 24 12:28:04 rescue kernel: iommu: Default domain type: Translated 
Jan 24 12:28:04 rescue kernel: iommu: DMA domain TLB invalidation policy: lazy mode 
Jan 24 12:28:04 rescue kernel: SCSI subsystem initialized
Jan 24 12:28:04 rescue kernel: libata version 3.00 loaded.
Jan 24 12:28:04 rescue kernel: ACPI: bus type USB registered
Jan 24 12:28:04 rescue kernel: usbcore: registered new interface driver usbfs
Jan 24 12:28:04 rescue kernel: usbcore: registered new interface driver hub
Jan 24 12:28:04 rescue kernel: usbcore: registered new device driver usb
Jan 24 12:28:04 rescue kernel: pps_core: LinuxPPS API ver. 1 registered
Jan 24 12:28:04 rescue kernel: pps_core: Software ver. 5.3.6 - Copyright 2005-2007 Rodolfo Giometti <giometti@linux.it>
Jan 24 12:28:04 rescue kernel: PTP clock support registered
Jan 24 12:28:04 rescue kernel: Advanced Linux Sound Architecture Driver Initialized.
Jan 24 12:28:04 rescue kernel: NetLabel: Initializing
Jan 24 12:28:04 rescue kernel: NetLabel:  domain hash size = 128
Jan 24 12:28:04 rescue kernel: NetLabel:  protocols = UNLABELED CIPSOv4 CALIPSO
Jan 24 12:28:04 rescue kernel: NetLabel:  unlabeled traffic allowed by default
Jan 24 12:28:04 rescue kernel: PCI: Using ACPI for IRQ routing
Jan 24 12:28:04 rescue kernel: PCI: pci_cache_line_size set to 64 bytes
Jan 24 12:28:04 rescue kernel: e820: reserve RAM buffer [mem 0x0009fc00-0x0009ffff]
Jan 24 12:28:04 rescue kernel: e820: reserve RAM buffer [mem 0x00ceefe0-0x00cfffff]
Jan 24 12:28:04 rescue kernel: e820: reserve RAM buffer [mem 0x7ffde000-0x7fffffff]
Jan 24 12:28:04 rescue kernel: pci 0000:00:01.0: vgaarb: setting as boot VGA device
Jan 24 12:28:04 rescue kernel: pci 0000:00:01.0: vgaarb: bridge control possible
Jan 24 12:28:04 rescue kernel: pci 0000:00:01.0: vgaarb: VGA device added: decodes=io+mem,owns=io+mem,locks=none
Jan 24 12:28:04 rescue kernel: vgaarb: loaded
Jan 24 12:28:04 rescue kernel: hpet0: at MMIO 0xfed00000, IRQs 2, 8, 0
Jan 24 12:28:04 rescue kernel: hpet0: 3 comparators, 64-bit 100.000000 MHz counter
Jan 24 12:28:04 rescue kernel: clocksource: Switched to clocksource tsc-early
Jan 24 12:28:04 rescue kernel: VFS: Disk quotas dquot_6.6.0
Jan 24 12:28:04 rescue kernel: VFS: Dquot-cache hash table entries: 512 (order 0, 4096 bytes)
Jan 24 12:28:04 rescue kernel: pnp: PnP ACPI init
Jan 24 12:28:04 rescue kernel: system 00:05: [mem 0xb0000000-0xbfffffff window] has been reserved
Jan 24 12:28:04 rescue kernel: pnp: PnP ACPI: found 6 devices
Jan 24 12:28:04 rescue kernel: clocksource: acpi_pm: mask: 0xffffff max_cycles: 0xffffff, max_idle_ns: 2085701024 ns
Jan 24 12:28:04 rescue kernel: NET: Registered PF_INET protocol family
Jan 24 12:28:04 rescue kernel: IP idents hash table entries: 131072 (order: 8, 1048576 bytes, linear)
Jan 24 12:28:04 rescue kernel: tcp_listen_portaddr_hash hash table entries: 4096 (order: 4, 65536 bytes, linear)
Jan 24 12:28:04 rescue kernel: Table-perturb hash table entries: 65536 (order: 6, 262144 bytes, linear)
Jan 24 12:28:04 rescue kernel: TCP established hash table entries: 65536 (order: 7, 524288 bytes, linear)
Jan 24 12:28:04 rescue kernel: TCP bind hash table entries: 65536 (order: 9, 2097152 bytes, linear)
Jan 24 12:28:04 rescue kernel: TCP: Hash tables configured (established 65536 bind 65536)
Jan 24 12:28:04 rescue kernel: UDP hash table entries: 4096 (order: 5, 131072 bytes, linear)
Jan 24 12:28:04 rescue kernel: UDP-Lite hash table entries: 4096 (order: 5, 131072 bytes, linear)
Jan 24 12:28:04 rescue kernel: NET: Registered PF_UNIX/PF_LOCAL protocol family
Jan 24 12:28:04 rescue kernel: RPC: Registered named UNIX socket transport module.
Jan 24 12:28:04 rescue kernel: RPC: Registered udp transport module.
Jan 24 12:28:04 rescue kernel: RPC: Registered tcp transport module.
Jan 24 12:28:04 rescue kernel: RPC: Registered tcp NFSv4.1 backchannel transport module.
Jan 24 12:28:04 rescue kernel: pci_bus 0000:00: resource 4 [io  0x0000-0x0cf7 window]
Jan 24 12:28:04 rescue kernel: pci_bus 0000:00: resource 5 [io  0x0d00-0xffff window]
Jan 24 12:28:04 rescue kernel: pci_bus 0000:00: resource 6 [mem 0x000a0000-0x000bffff window]
Jan 24 12:28:04 rescue kernel: pci_bus 0000:00: resource 7 [mem 0x80000000-0xafffffff window]
Jan 24 12:28:04 rescue kernel: pci_bus 0000:00: resource 8 [mem 0xc0000000-0xfebfffff window]
Jan 24 12:28:04 rescue kernel: pci_bus 0000:00: resource 9 [mem 0x280000000-0xa7fffffff window]
Jan 24 12:28:04 rescue kernel: ACPI: \_SB_.GSIA: Enabled at IRQ 16
Jan 24 12:28:04 rescue kernel: ACPI: \_SB_.GSIB: Enabled at IRQ 17
Jan 24 12:28:04 rescue kernel: ACPI: \_SB_.GSIC: Enabled at IRQ 18
Jan 24 12:28:04 rescue kernel: ACPI: \_SB_.GSID: Enabled at IRQ 19
Jan 24 12:28:04 rescue kernel: PCI: CLS 0 bytes, default 64
Jan 24 12:28:04 rescue kernel: PCI-DMA: Using software bounce buffering for IO (SWIOTLB)
Jan 24 12:28:04 rescue kernel: software IO TLB: mapped [mem 0x000000007bfde000-0x000000007ffde000] (64MB)
Jan 24 12:28:04 rescue kernel: RAPL PMU: API unit is 2^-32 Joules, 0 fixed counters, 10737418240 ms ovfl timer
Jan 24 12:28:04 rescue kernel: Initialise system trusted keyrings
Jan 24 12:28:04 rescue kernel: workingset: timestamp_bits=56 max_order=21 bucket_order=0
Jan 24 12:28:04 rescue kernel: NFS: Registering the id_resolver key type
Jan 24 12:28:04 rescue kernel: Key type id_resolver registered
Jan 24 12:28:04 rescue kernel: Key type id_legacy registered
Jan 24 12:28:04 rescue kernel: 9p: Installing v9fs 9p2000 file system support
Jan 24 12:28:04 rescue kernel: Key type asymmetric registered
Jan 24 12:28:04 rescue kernel: Asymmetric key parser 'x509' registered
Jan 24 12:28:04 rescue kernel: Block layer SCSI generic (bsg) driver version 0.4 loaded (major 251)
Jan 24 12:28:04 rescue kernel: io scheduler mq-deadline registered
Jan 24 12:28:04 rescue kernel: io scheduler kyber registered
Jan 24 12:28:04 rescue kernel: input: Power Button as /devices/LNXSYSTM:00/LNXPWRBN:00/input/input0
Jan 24 12:28:04 rescue kernel: ACPI: button: Power Button [PWRF]
Jan 24 12:28:04 rescue kernel: Serial: 8250/16550 driver, 4 ports, IRQ sharing enabled
Jan 24 12:28:04 rescue kernel: 00:03: ttyS0 at I/O 0x3f8 (irq = 4, base_baud = 115200) is a 16550A
Jan 24 12:28:04 rescue kernel: Non-volatile memory driver v1.3
Jan 24 12:28:04 rescue kernel: Linux agpgart interface v0.103
Jan 24 12:28:04 rescue kernel: ACPI: bus type drm_connector registered
Jan 24 12:28:04 rescue kernel: loop: module loaded
Jan 24 12:28:04 rescue kernel: ahci 0000:00:1f.2: version 3.0
Jan 24 12:28:04 rescue kernel: ahci 0000:00:1f.2: AHCI 0001.0000 32 slots 6 ports 1.5 Gbps 0x3f impl SATA mode
Jan 24 12:28:04 rescue kernel: ahci 0000:00:1f.2: flags: 64bit ncq only 
Jan 24 12:28:04 rescue kernel: scsi host0: ahci
Jan 24 12:28:04 rescue kernel: scsi host1: ahci
Jan 24 12:28:04 rescue kernel: scsi host2: ahci
Jan 24 12:28:04 rescue kernel: scsi host3: ahci
Jan 24 12:28:04 rescue kernel: scsi host4: ahci
Jan 24 12:28:04 rescue kernel: scsi host5: ahci
Jan 24 12:28:04 rescue kernel: ata1: SATA max UDMA/133 abar m4096@0xfebf2000 port 0xfebf2100 irq 24
Jan 24 12:28:04 rescue kernel: ata2: SATA max UDMA/133 abar m4096@0xfebf2000 port 0xfebf2180 irq 24
Jan 24 12:28:04 rescue kernel: ata3: SATA max UDMA/133 abar m4096@0xfebf2000 port 0xfebf2200 irq 24
Jan 24 12:28:04 rescue kernel: ata4: SATA max UDMA/133 abar m4096@0xfebf2000 port 0xfebf2280 irq 24
Jan 24 12:28:04 rescue kernel: ata5: SATA max UDMA/133 abar m4096@0xfebf2000 port 0xfebf2300 irq 24
Jan 24 12:28:04 rescue kernel: ata6: SATA max UDMA/133 abar m4096@0xfebf2000 port 0xfebf2380 irq 24
Jan 24 12:28:04 rescue kernel: e100: Intel(R) PRO/100 Network Driver
Jan 24 12:28:04 rescue kernel: e100: Copyright(c) 1999-2006 Intel Corporation
Jan 24 12:28:04 rescue kernel: e1000: Intel(R) PRO/1000 Network Driver
Jan 24 12:28:04 rescue kernel: e1000: Copyright (c) 1999-2006 Intel Corporation.
Jan 24 12:28:04 rescue kernel: ACPI: \_SB_.GSIG: Enabled at IRQ 22
Jan 24 12:28:04 rescue kernel: ata5: SATA link down (SStatus 0 SControl 300)
Jan 24 12:28:04 rescue kernel: ata4: SATA link down (SStatus 0 SControl 300)
Jan 24 12:28:04 rescue kernel: ata1: SATA link up 1.5 Gbps (SStatus 113 SControl 300)
Jan 24 12:28:04 rescue kernel: ata1.00: ATA-7: QEMU HARDDISK, 2.5+, max UDMA/100
Jan 24 12:28:04 rescue kernel: ata1.00: 62914560 sectors, multi 16: LBA48 NCQ (depth 32)
Jan 24 12:28:04 rescue kernel: ata1.00: applying bridge limits
Jan 24 12:28:04 rescue kernel: ata1.00: configured for UDMA/100
Jan 24 12:28:04 rescue kernel: ata6: SATA link down (SStatus 0 SControl 300)
Jan 24 12:28:04 rescue kernel: scsi 0:0:0:0: Direct-Access     ATA      QEMU HARDDISK    2.5+ PQ: 0 ANSI: 5
Jan 24 12:28:04 rescue kernel: ata2: SATA link down (SStatus 0 SControl 300)
Jan 24 12:28:04 rescue kernel: scsi 0:0:0:0: Attached scsi generic sg0 type 0
Jan 24 12:28:04 rescue kernel: sd 0:0:0:0: [sda] 62914560 512-byte logical blocks: (32.2 GB/30.0 GiB)
Jan 24 12:28:04 rescue kernel: sd 0:0:0:0: [sda] Write Protect is off
Jan 24 12:28:04 rescue kernel: sd 0:0:0:0: [sda] Mode Sense: 00 3a 00 00
Jan 24 12:28:04 rescue kernel: sd 0:0:0:0: [sda] Write cache: enabled, read cache: enabled, doesn't support DPO or FUA
Jan 24 12:28:04 rescue kernel: sd 0:0:0:0: [sda] Preferred minimum I/O size 512 bytes
Jan 24 12:28:04 rescue kernel: ata3: SATA link up 1.5 Gbps (SStatus 113 SControl 300)
Jan 24 12:28:04 rescue kernel:  sda: sda1 sda2
Jan 24 12:28:04 rescue kernel: ata3.00: ATAPI: QEMU DVD-ROM, 2.5+, max UDMA/100
Jan 24 12:28:04 rescue kernel: ata3.00: applying bridge limits
Jan 24 12:28:04 rescue kernel: e1000 0000:00:02.0 eth0: (PCI:33MHz:32-bit) 58:cf:db:8e:c6:60
Jan 24 12:28:04 rescue kernel: ata3.00: configured for UDMA/100
Jan 24 12:28:04 rescue kernel: sd 0:0:0:0: [sda] Attached SCSI disk
Jan 24 12:28:04 rescue kernel: e1000 0000:00:02.0 eth0: Intel(R) PRO/1000 Network Connection
Jan 24 12:28:04 rescue kernel: e1000e: Intel(R) PRO/1000 Network Driver
Jan 24 12:28:04 rescue kernel: scsi 2:0:0:0: CD-ROM            QEMU     QEMU DVD-ROM     2.5+ PQ: 0 ANSI: 5
Jan 24 12:28:04 rescue kernel: e1000e: Copyright(c) 1999 - 2015 Intel Corporation.
Jan 24 12:28:04 rescue kernel: sr 2:0:0:0: [sr0] scsi3-mmc drive: 4x/4x cd/rw xa/form2 tray
Jan 24 12:28:04 rescue kernel: sky2: driver version 1.30
Jan 24 12:28:04 rescue kernel: cdrom: Uniform CD-ROM driver Revision: 3.20
Jan 24 12:28:04 rescue kernel: uhci_hcd 0000:00:1d.0: UHCI Host Controller
Jan 24 12:28:04 rescue kernel: sr 2:0:0:0: [sr0] Hmm, seems the drive doesn't support multisession CD's
Jan 24 12:28:04 rescue kernel: uhci_hcd 0000:00:1d.0: new USB bus registered, assigned bus number 1
Jan 24 12:28:04 rescue kernel: sr 2:0:0:0: Attached scsi CD-ROM sr0
Jan 24 12:28:04 rescue kernel: uhci_hcd 0000:00:1d.0: irq 16, io port 0x0000c080
Jan 24 12:28:04 rescue kernel: sr 2:0:0:0: Attached scsi generic sg1 type 5
Jan 24 12:28:04 rescue kernel: usb usb1: New USB device found, idVendor=1d6b, idProduct=0001, bcdDevice= 6.02
Jan 24 12:28:04 rescue kernel: usb usb1: New USB device strings: Mfr=3, Product=2, SerialNumber=1
Jan 24 12:28:04 rescue kernel: usb usb1: Product: UHCI Host Controller
Jan 24 12:28:04 rescue kernel: usb usb1: Manufacturer: Linux 6.2.0-rc4-next-20230120 uhci_hcd
Jan 24 12:28:04 rescue kernel: usb usb1: SerialNumber: 0000:00:1d.0
Jan 24 12:28:04 rescue kernel: hub 1-0:1.0: USB hub found
Jan 24 12:28:04 rescue kernel: hub 1-0:1.0: 2 ports detected
Jan 24 12:28:04 rescue kernel: ehci-pci 0000:00:1d.7: EHCI Host Controller
Jan 24 12:28:04 rescue kernel: ehci-pci 0000:00:1d.7: new USB bus registered, assigned bus number 2
Jan 24 12:28:04 rescue kernel: ehci-pci 0000:00:1d.7: irq 19, io mem 0xfebf1000
Jan 24 12:28:04 rescue kernel: ehci-pci 0000:00:1d.7: USB 2.0 started, EHCI 1.00
Jan 24 12:28:04 rescue kernel: usb usb2: New USB device found, idVendor=1d6b, idProduct=0002, bcdDevice= 6.02
Jan 24 12:28:04 rescue kernel: usb usb2: New USB device strings: Mfr=3, Product=2, SerialNumber=1
Jan 24 12:28:04 rescue kernel: usb usb2: Product: EHCI Host Controller
Jan 24 12:28:04 rescue kernel: usb usb2: Manufacturer: Linux 6.2.0-rc4-next-20230120 ehci_hcd
Jan 24 12:28:04 rescue kernel: usb usb2: SerialNumber: 0000:00:1d.7
Jan 24 12:28:04 rescue kernel: hub 2-0:1.0: USB hub found
Jan 24 12:28:04 rescue kernel: hub 2-0:1.0: 6 ports detected
Jan 24 12:28:04 rescue kernel: hub 1-0:1.0: USB hub found
Jan 24 12:28:04 rescue kernel: hub 1-0:1.0: 2 ports detected
Jan 24 12:28:04 rescue kernel: uhci_hcd 0000:00:1d.1: UHCI Host Controller
Jan 24 12:28:04 rescue kernel: uhci_hcd 0000:00:1d.1: new USB bus registered, assigned bus number 3
Jan 24 12:28:04 rescue kernel: uhci_hcd 0000:00:1d.1: irq 17, io port 0x0000c0a0
Jan 24 12:28:04 rescue kernel: usb usb3: New USB device found, idVendor=1d6b, idProduct=0001, bcdDevice= 6.02
Jan 24 12:28:04 rescue kernel: usb usb3: New USB device strings: Mfr=3, Product=2, SerialNumber=1
Jan 24 12:28:04 rescue kernel: usb usb3: Product: UHCI Host Controller
Jan 24 12:28:04 rescue kernel: usb usb3: Manufacturer: Linux 6.2.0-rc4-next-20230120 uhci_hcd
Jan 24 12:28:04 rescue kernel: usb usb3: SerialNumber: 0000:00:1d.1
Jan 24 12:28:04 rescue kernel: hub 3-0:1.0: USB hub found
Jan 24 12:28:04 rescue kernel: hub 3-0:1.0: 2 ports detected
Jan 24 12:28:04 rescue kernel: uhci_hcd 0000:00:1d.2: UHCI Host Controller
Jan 24 12:28:04 rescue kernel: uhci_hcd 0000:00:1d.2: new USB bus registered, assigned bus number 4
Jan 24 12:28:04 rescue kernel: uhci_hcd 0000:00:1d.2: irq 18, io port 0x0000c0c0
Jan 24 12:28:04 rescue kernel: usb usb4: New USB device found, idVendor=1d6b, idProduct=0001, bcdDevice= 6.02
Jan 24 12:28:04 rescue kernel: usb usb4: New USB device strings: Mfr=3, Product=2, SerialNumber=1
Jan 24 12:28:04 rescue kernel: usb usb4: Product: UHCI Host Controller
Jan 24 12:28:04 rescue kernel: usb usb4: Manufacturer: Linux 6.2.0-rc4-next-20230120 uhci_hcd
Jan 24 12:28:04 rescue kernel: usb usb4: SerialNumber: 0000:00:1d.2
Jan 24 12:28:04 rescue kernel: hub 4-0:1.0: USB hub found
Jan 24 12:28:04 rescue kernel: hub 4-0:1.0: 2 ports detected
Jan 24 12:28:04 rescue kernel: usbcore: registered new interface driver usblp
Jan 24 12:28:04 rescue kernel: usbcore: registered new interface driver usb-storage
Jan 24 12:28:04 rescue kernel: i8042: PNP: PS/2 Controller [PNP0303:KBD,PNP0f13:MOU] at 0x60,0x64 irq 1,12
Jan 24 12:28:04 rescue kernel: serio: i8042 KBD port at 0x60,0x64 irq 1
Jan 24 12:28:04 rescue kernel: serio: i8042 AUX port at 0x60,0x64 irq 12
Jan 24 12:28:04 rescue kernel: rtc_cmos 00:04: RTC can wake from S4
Jan 24 12:28:04 rescue kernel: input: AT Translated Set 2 keyboard as /devices/platform/i8042/serio0/input/input1
Jan 24 12:28:04 rescue kernel: rtc_cmos 00:04: registered as rtc0
Jan 24 12:28:04 rescue kernel: rtc_cmos 00:04: alarms up to one day, y3k, 242 bytes nvram, hpet irqs
Jan 24 12:28:04 rescue kernel: fail to initialize ptp_kvm
Jan 24 12:28:04 rescue kernel: device-mapper: ioctl: 4.47.0-ioctl (2022-07-28) initialised: dm-devel@redhat.com
Jan 24 12:28:04 rescue kernel: i801_smbus 0000:00:1f.3: SMBus using PCI interrupt
Jan 24 12:28:04 rescue kernel: intel_pstate: CPU model not supported
Jan 24 12:28:04 rescue kernel: i2c i2c-0: 1/1 memory slots populated (from DMI)
Jan 24 12:28:04 rescue kernel: hid: raw HID events driver (C) Jiri Kosina
Jan 24 12:28:04 rescue kernel: i2c i2c-0: Memory type 0x07 not supported yet, not instantiating SPD
Jan 24 12:28:04 rescue kernel: usbcore: registered new interface driver usbhid
Jan 24 12:28:04 rescue kernel: usbhid: USB HID core driver
Jan 24 12:28:04 rescue kernel: Initializing XFRM netlink socket
Jan 24 12:28:04 rescue kernel: NET: Registered PF_INET6 protocol family
Jan 24 12:28:04 rescue kernel: Segment Routing with IPv6
Jan 24 12:28:04 rescue kernel: In-situ OAM (IOAM) with IPv6
Jan 24 12:28:04 rescue kernel: sit: IPv6, IPv4 and MPLS over IPv4 tunneling driver
Jan 24 12:28:04 rescue kernel: NET: Registered PF_PACKET protocol family
Jan 24 12:28:04 rescue kernel: 9pnet: Installing 9P2000 support
Jan 24 12:28:04 rescue kernel: Key type dns_resolver registered
Jan 24 12:28:04 rescue kernel: IPI shorthand broadcast: enabled
Jan 24 12:28:04 rescue kernel: sched_clock: Marking stable (1052749571, -11512078)->(1155197641, -113960148)
Jan 24 12:28:04 rescue kernel: registered taskstats version 1
Jan 24 12:28:04 rescue kernel: Loading compiled-in X.509 certificates
Jan 24 12:28:04 rescue kernel: PM:   Magic number: 7:15:463
Jan 24 12:28:04 rescue kernel: printk: console [netcon0] enabled
Jan 24 12:28:04 rescue kernel: netconsole: network logging started
Jan 24 12:28:04 rescue kernel: cfg80211: Loading compiled-in X.509 certificates for regulatory database
Jan 24 12:28:04 rescue kernel: kworker/u12:6 (89) used greatest stack depth: 14712 bytes left
Jan 24 12:28:04 rescue kernel: Loaded X.509 cert 'sforshee: 00b28ddf47aef9cea7'
Jan 24 12:28:04 rescue kernel: platform regulatory.0: Direct firmware load for regulatory.db failed with error -2
Jan 24 12:28:04 rescue kernel: cfg80211: failed to load regulatory.db
Jan 24 12:28:04 rescue kernel: ALSA device list:
Jan 24 12:28:04 rescue kernel:   No soundcards found.
Jan 24 12:28:04 rescue kernel: tsc: Refined TSC clocksource calibration: 3095.916 MHz
Jan 24 12:28:04 rescue kernel: clocksource: tsc: mask: 0xffffffffffffffff max_cycles: 0x2ca03624276, max_idle_ns: 440795340451 ns
Jan 24 12:28:04 rescue kernel: clocksource: Switched to clocksource tsc
Jan 24 12:28:04 rescue kernel: input: ImExPS/2 Generic Explorer Mouse as /devices/platform/i8042/serio1/input/input3
Jan 24 12:28:04 rescue kernel: md: Waiting for all devices to be available before autodetect
Jan 24 12:28:04 rescue kernel: md: If you don't use raid, use raid=noautodetect
Jan 24 12:28:04 rescue kernel: md: Autodetecting RAID arrays.
Jan 24 12:28:04 rescue kernel: md: autorun ...
Jan 24 12:28:04 rescue kernel: md: ... autorun DONE.
Jan 24 12:28:04 rescue kernel: EXT4-fs (sda2): recovery complete
Jan 24 12:28:04 rescue kernel: EXT4-fs (sda2): mounted filesystem 03cdc968-597d-4437-973b-b030be50217d with ordered data mode. Quota mode: none.
Jan 24 12:28:04 rescue kernel: VFS: Mounted root (ext4 filesystem) on device 8:2.
Jan 24 12:28:04 rescue kernel: devtmpfs: mounted
Jan 24 12:28:04 rescue kernel: Freeing unused kernel image (initmem) memory: 2500K
Jan 24 12:28:04 rescue kernel: Write protecting the kernel read-only data: 26624k
Jan 24 12:28:04 rescue kernel: Freeing unused kernel image (rodata/data gap) memory: 1852K
Jan 24 12:28:04 rescue kernel: x86/mm: Checked W+X mappings: passed, no W+X pages found.
Jan 24 12:28:04 rescue kernel: x86/mm: Checking user space page tables
Jan 24 12:28:04 rescue kernel: x86/mm: Checked W+X mappings: passed, no W+X pages found.
Jan 24 12:28:04 rescue kernel: Run /sbin/init as init process
Jan 24 12:28:04 rescue kernel:   with arguments:
Jan 24 12:28:04 rescue kernel:     /sbin/init
Jan 24 12:28:04 rescue kernel:   with environment:
Jan 24 12:28:04 rescue kernel:     HOME=/
Jan 24 12:28:04 rescue kernel:     TERM=linux
Jan 24 12:28:04 rescue systemd[1]: systemd 252.4-2-arch running in system mode (+PAM +AUDIT -SELINUX -APPARMOR -IMA +SMACK +SECCOMP +GCRYPT +GNUTLS +OPENSSL +ACL +BLKID +CURL +ELFUTILS +FIDO2 +IDN2 -IDN +IPTC +KMOD +LIBCRYPTSETUP +LIBFDISK +PCRE2 -PWQUALITY +P11KIT -QRENCODE +TPM2 +BZIP2 +LZ4 +XZ +ZLIB +ZSTD +BPF_FRAMEWORK +XKBCOMMON +UTMP -SYSVINIT default-hierarchy=unified)
Jan 24 12:28:04 rescue systemd[1]: Detected virtualization qemu.
Jan 24 12:28:04 rescue systemd[1]: Detected architecture x86-64.
Jan 24 12:28:04 rescue systemd[1]: Hostname set to <rescue>.
Jan 24 12:28:04 rescue systemd[1]: bpf-lsm: BPF LSM hook not enabled in the kernel, BPF LSM not supported
Jan 24 12:28:04 rescue kernel: memfd_create() without MFD_EXEC nor MFD_NOEXEC_SEAL, pid=1 'systemd'
Jan 24 12:28:04 rescue kernel: 10-arch (97) used greatest stack depth: 13312 bytes left
Jan 24 12:28:04 rescue systemd-fstab-generator[104]: Mount point  is not a valid path, ignoring.
Jan 24 12:28:04 rescue systemd-fstab-generator[104]: Mount point  is not a valid path, ignoring.
Jan 24 12:28:04 rescue zram_generator::generator[112]: modprobe "zram" failed, ignoring: code exit status: 1
Jan 24 12:28:04 rescue systemd[98]: /usr/lib/systemd/system-generators/zram-generator failed with exit status 1.
Jan 24 12:28:04 rescue systemd[1]: Queued start job for default target Graphical Interface.
Jan 24 12:28:04 rescue systemd[1]: Created slice Slice /system/getty.
Jan 24 12:28:04 rescue systemd[1]: Created slice Slice /system/modprobe.
Jan 24 12:28:04 rescue systemd[1]: Created slice Slice /system/systemd-zram-setup.
Jan 24 12:28:04 rescue systemd[1]: Created slice User and Session Slice.
Jan 24 12:28:04 rescue systemd[1]: Started Dispatch Password Requests to Console Directory Watch.
Jan 24 12:28:04 rescue systemd[1]: Started Forward Password Requests to Wall Directory Watch.
Jan 24 12:28:04 rescue systemd[1]: Set up automount Arbitrary Executable File Formats File System Automount Point.
Jan 24 12:28:04 rescue systemd[1]: Reached target Local Encrypted Volumes.
Jan 24 12:28:04 rescue systemd[1]: Reached target Local Integrity Protected Volumes.
Jan 24 12:28:04 rescue systemd[1]: Reached target Path Units.
Jan 24 12:28:04 rescue systemd[1]: Reached target Remote File Systems.
Jan 24 12:28:04 rescue systemd[1]: Reached target Slice Units.
Jan 24 12:28:04 rescue systemd[1]: Reached target Local Verity Protected Volumes.
Jan 24 12:28:04 rescue systemd[1]: Listening on Device-mapper event daemon FIFOs.
Jan 24 12:28:04 rescue systemd[1]: Listening on Process Core Dump Socket.
Jan 24 12:28:04 rescue systemd[1]: Listening on Journal Audit Socket.
Jan 24 12:28:04 rescue systemd[1]: Listening on Journal Socket (/dev/log).
Jan 24 12:28:04 rescue systemd[1]: Listening on Journal Socket.
Jan 24 12:28:04 rescue systemd[1]: Listening on Network Service Netlink Socket.
Jan 24 12:28:04 rescue systemd[1]: Listening on udev Control Socket.
Jan 24 12:28:04 rescue systemd[1]: Listening on udev Kernel Socket.
Jan 24 12:28:04 rescue systemd[1]: Mounting Huge Pages File System...
Jan 24 12:28:04 rescue systemd[1]: Mounting POSIX Message Queue File System...
Jan 24 12:28:04 rescue systemd[1]: Mounting Kernel Debug File System...
Jan 24 12:28:04 rescue systemd[1]: Mounting Kernel Trace File System...
Jan 24 12:28:04 rescue systemd[1]: Create List of Static Device Nodes was skipped because of an unmet condition check (ConditionFileNotEmpty=/lib/modules/6.2.0-rc4-next-20230120/modules.devname).
Jan 24 12:28:04 rescue systemd[1]: Starting Load Kernel Module configfs...
Jan 24 12:28:04 rescue systemd[1]: Starting Load Kernel Module drm...
Jan 24 12:28:04 rescue systemd[1]: Starting Load Kernel Module fuse...
Jan 24 12:28:04 rescue systemd[1]: File System Check on Root Device was skipped because of an unmet condition check (ConditionPathIsReadWrite=!/).
Jan 24 12:28:04 rescue systemd[1]: systemd-journald.service: unit configures an IP firewall, but the local system does not support BPF/cgroup firewalling.
Jan 24 12:28:04 rescue systemd[1]: (This warning is only shown for the first unit using IP firewalling.)
Jan 24 12:28:04 rescue systemd[1]: Starting Journal Service...
Jan 24 12:28:04 rescue systemd[1]: Load Kernel Modules was skipped because no trigger condition checks were met.
Jan 24 12:28:04 rescue systemd[1]: Starting Generate network units from Kernel command line...
Jan 24 12:28:04 rescue systemd[1]: Starting Remount Root and Kernel File Systems...
Jan 24 12:28:04 rescue systemd[1]: Repartition Root Disk was skipped because no trigger condition checks were met.
Jan 24 12:28:04 rescue systemd[1]: Starting Apply Kernel Variables...
Jan 24 12:28:04 rescue systemd[1]: Starting Coldplug All udev Devices...
Jan 24 12:28:04 rescue systemd[1]: Mounted Huge Pages File System.
Jan 24 12:28:04 rescue systemd[1]: Mounted POSIX Message Queue File System.
Jan 24 12:28:04 rescue systemd[1]: Mounted Kernel Debug File System.
Jan 24 12:28:04 rescue systemd[1]: Mounted Kernel Trace File System.
Jan 24 12:28:04 rescue systemd-journald[123]: Journal started
Jan 24 12:28:04 rescue systemd-journald[123]: Runtime Journal (/run/log/journal/3f7e3e71a3534daba4b03f1f4ef4ae4f) is 8.0M, max 159.0M, 151.0M free.
Jan 24 12:28:04 rescue systemd[1]: Started Journal Service.
Jan 24 12:28:04 rescue audit[1]: SERVICE_START pid=1 uid=0 auid=4294967295 ses=4294967295 subj=kernel msg='unit=systemd-journald comm="systemd" exe="/usr/lib/systemd/systemd" hostname=? addr=? terminal=? res=success'
Jan 24 12:28:04 rescue systemd[1]: modprobe@configfs.service: Deactivated successfully.
Jan 24 12:28:04 rescue systemd[1]: Finished Load Kernel Module configfs.
Jan 24 12:28:04 rescue kernel: audit: type=1130 audit(1674530884.172:2): pid=1 uid=0 auid=4294967295 ses=4294967295 subj=kernel msg='unit=systemd-journald comm="systemd" exe="/usr/lib/systemd/systemd" hostname=? addr=? terminal=? res=success'
Jan 24 12:28:04 rescue audit[1]: SERVICE_START pid=1 uid=0 auid=4294967295 ses=4294967295 subj=kernel msg='unit=modprobe@configfs comm="systemd" exe="/usr/lib/systemd/systemd" hostname=? addr=? terminal=? res=success'
Jan 24 12:28:04 rescue systemd[1]: modprobe@drm.service: Deactivated successfully.
Jan 24 12:28:04 rescue systemd[1]: Finished Load Kernel Module drm.
Jan 24 12:28:04 rescue audit[1]: SERVICE_STOP pid=1 uid=0 auid=4294967295 ses=4294967295 subj=kernel msg='unit=modprobe@configfs comm="systemd" exe="/usr/lib/systemd/systemd" hostname=? addr=? terminal=? res=success'
Jan 24 12:28:04 rescue kernel: audit: type=1130 audit(1674530884.182:3): pid=1 uid=0 auid=4294967295 ses=4294967295 subj=kernel msg='unit=modprobe@configfs comm="systemd" exe="/usr/lib/systemd/systemd" hostname=? addr=? terminal=? res=success'
Jan 24 12:28:04 rescue kernel: EXT4-fs (sda2): re-mounted 03cdc968-597d-4437-973b-b030be50217d. Quota mode: none.
Jan 24 12:28:04 rescue kernel: audit: type=1131 audit(1674530884.182:4): pid=1 uid=0 auid=4294967295 ses=4294967295 subj=kernel msg='unit=modprobe@configfs comm="systemd" exe="/usr/lib/systemd/systemd" hostname=? addr=? terminal=? res=success'
Jan 24 12:28:04 rescue kernel: audit: type=1130 audit(1674530884.192:5): pid=1 uid=0 auid=4294967295 ses=4294967295 subj=kernel msg='unit=modprobe@drm comm="systemd" exe="/usr/lib/systemd/systemd" hostname=? addr=? terminal=? res=success'
Jan 24 12:28:04 rescue audit[1]: SERVICE_START pid=1 uid=0 auid=4294967295 ses=4294967295 subj=kernel msg='unit=modprobe@drm comm="systemd" exe="/usr/lib/systemd/systemd" hostname=? addr=? terminal=? res=success'
Jan 24 12:28:04 rescue systemd[1]: modprobe@fuse.service: Deactivated successfully.
Jan 24 12:28:04 rescue systemd[1]: Finished Load Kernel Module fuse.
Jan 24 12:28:04 rescue audit[1]: SERVICE_STOP pid=1 uid=0 auid=4294967295 ses=4294967295 subj=kernel msg='unit=modprobe@drm comm="systemd" exe="/usr/lib/systemd/systemd" hostname=? addr=? terminal=? res=success'
Jan 24 12:28:04 rescue kernel: audit: type=1131 audit(1674530884.192:6): pid=1 uid=0 auid=4294967295 ses=4294967295 subj=kernel msg='unit=modprobe@drm comm="systemd" exe="/usr/lib/systemd/systemd" hostname=? addr=? terminal=? res=success'
Jan 24 12:28:04 rescue audit[1]: SERVICE_START pid=1 uid=0 auid=4294967295 ses=4294967295 subj=kernel msg='unit=modprobe@fuse comm="systemd" exe="/usr/lib/systemd/systemd" hostname=? addr=? terminal=? res=success'
Jan 24 12:28:04 rescue systemd[1]: Finished Generate network units from Kernel command line.
Jan 24 12:28:04 rescue audit[1]: SERVICE_STOP pid=1 uid=0 auid=4294967295 ses=4294967295 subj=kernel msg='unit=modprobe@fuse comm="systemd" exe="/usr/lib/systemd/systemd" hostname=? addr=? terminal=? res=success'
Jan 24 12:28:04 rescue kernel: audit: type=1130 audit(1674530884.200:7): pid=1 uid=0 auid=4294967295 ses=4294967295 subj=kernel msg='unit=modprobe@fuse comm="systemd" exe="/usr/lib/systemd/systemd" hostname=? addr=? terminal=? res=success'
Jan 24 12:28:04 rescue kernel: audit: type=1131 audit(1674530884.200:8): pid=1 uid=0 auid=4294967295 ses=4294967295 subj=kernel msg='unit=modprobe@fuse comm="systemd" exe="/usr/lib/systemd/systemd" hostname=? addr=? terminal=? res=success'
Jan 24 12:28:04 rescue audit[1]: SERVICE_START pid=1 uid=0 auid=4294967295 ses=4294967295 subj=kernel msg='unit=systemd-network-generator comm="systemd" exe="/usr/lib/systemd/systemd" hostname=? addr=? terminal=? res=success'
Jan 24 12:28:04 rescue systemd[1]: Finished Remount Root and Kernel File Systems.
Jan 24 12:28:04 rescue kernel: audit: type=1130 audit(1674530884.208:9): pid=1 uid=0 auid=4294967295 ses=4294967295 subj=kernel msg='unit=systemd-network-generator comm="systemd" exe="/usr/lib/systemd/systemd" hostname=? addr=? terminal=? res=success'
Jan 24 12:28:04 rescue kernel: audit: type=1130 audit(1674530884.212:10): pid=1 uid=0 auid=4294967295 ses=4294967295 subj=kernel msg='unit=systemd-remount-fs comm="systemd" exe="/usr/lib/systemd/systemd" hostname=? addr=? terminal=? res=success'
Jan 24 12:28:04 rescue audit[1]: SERVICE_START pid=1 uid=0 auid=4294967295 ses=4294967295 subj=kernel msg='unit=systemd-remount-fs comm="systemd" exe="/usr/lib/systemd/systemd" hostname=? addr=? terminal=? res=success'
Jan 24 12:28:04 rescue systemd[1]: Finished Apply Kernel Variables.
Jan 24 12:28:04 rescue audit[1]: SERVICE_START pid=1 uid=0 auid=4294967295 ses=4294967295 subj=kernel msg='unit=systemd-sysctl comm="systemd" exe="/usr/lib/systemd/systemd" hostname=? addr=? terminal=? res=success'
Jan 24 12:28:04 rescue systemd[1]: Reached target Preparation for Network.
Jan 24 12:28:04 rescue systemd[1]: FUSE Control File System was skipped because of an unmet condition check (ConditionPathExists=/sys/fs/fuse/connections).
Jan 24 12:28:04 rescue systemd[1]: Kernel Configuration File System was skipped because of an unmet condition check (ConditionPathExists=/sys/kernel/config).
Jan 24 12:28:04 rescue systemd[1]: First Boot Wizard was skipped because of an unmet condition check (ConditionFirstBoot=yes).
Jan 24 12:28:04 rescue systemd[1]: Rebuild Hardware Database was skipped because of an unmet condition check (ConditionNeedsUpdate=/etc).
Jan 24 12:28:04 rescue systemd[1]: Starting Flush Journal to Persistent Storage...
Jan 24 12:28:04 rescue systemd[1]: Starting Load/Save Random Seed...
Jan 24 12:28:04 rescue systemd[1]: Create System Users was skipped because no trigger condition checks were met.
Jan 24 12:28:04 rescue systemd-journald[123]: Time spent on flushing to /var/log/journal/3f7e3e71a3534daba4b03f1f4ef4ae4f is 4.151ms for 591 entries.
Jan 24 12:28:04 rescue systemd-journald[123]: System Journal (/var/log/journal/3f7e3e71a3534daba4b03f1f4ef4ae4f) is 328.0M, max 2.8G, 2.5G free.
Jan 24 12:28:04 rescue systemd-journald[123]: Received client request to flush runtime journal.
Jan 24 12:28:04 rescue systemd-journald[123]: File /var/log/journal/3f7e3e71a3534daba4b03f1f4ef4ae4f/system.journal corrupted or uncleanly shut down, renaming and replacing.
Jan 24 12:28:04 rescue audit[1]: SERVICE_START pid=1 uid=0 auid=4294967295 ses=4294967295 subj=kernel msg='unit=systemd-udev-trigger comm="systemd" exe="/usr/lib/systemd/systemd" hostname=? addr=? terminal=? res=success'
Jan 24 12:28:04 rescue audit[1]: SERVICE_START pid=1 uid=0 auid=4294967295 ses=4294967295 subj=kernel msg='unit=systemd-random-seed comm="systemd" exe="/usr/lib/systemd/systemd" hostname=? addr=? terminal=? res=success'
Jan 24 12:28:04 rescue audit[1]: SERVICE_START pid=1 uid=0 auid=4294967295 ses=4294967295 subj=kernel msg='unit=systemd-tmpfiles-setup-dev comm="systemd" exe="/usr/lib/systemd/systemd" hostname=? addr=? terminal=? res=success'
Jan 24 12:28:04 rescue systemd[1]: Starting Create Static Device Nodes in /dev...
Jan 24 12:28:04 rescue systemd[1]: Finished Coldplug All udev Devices.
Jan 24 12:28:04 rescue systemd[1]: Finished Load/Save Random Seed.
Jan 24 12:28:04 rescue systemd[1]: First Boot Complete was skipped because of an unmet condition check (ConditionFirstBoot=yes).
Jan 24 12:28:04 rescue systemd[1]: Finished Create Static Device Nodes in /dev.
Jan 24 12:28:04 rescue systemd[1]: Reached target Preparation for Local File Systems.
Jan 24 12:28:04 rescue systemd[1]: Virtual Machine and Container Storage (Compatibility) was skipped because of an unmet condition check (ConditionPathExists=/var/lib/machines.raw).
Jan 24 12:28:04 rescue systemd[1]: Starting Rule-based Manager for Device Events and Files...
Jan 24 12:28:04 rescue systemd[1]: Finished Flush Journal to Persistent Storage.
Jan 24 12:28:04 rescue audit[1]: SERVICE_START pid=1 uid=0 auid=4294967295 ses=4294967295 subj=kernel msg='unit=systemd-journal-flush comm="systemd" exe="/usr/lib/systemd/systemd" hostname=? addr=? terminal=? res=success'
Jan 24 12:28:04 rescue systemd-udevd[137]: Using default interface naming scheme 'v252'.
Jan 24 12:28:04 rescue systemd[1]: Started Rule-based Manager for Device Events and Files.
Jan 24 12:28:04 rescue audit[1]: SERVICE_START pid=1 uid=0 auid=4294967295 ses=4294967295 subj=kernel msg='unit=systemd-udevd comm="systemd" exe="/usr/lib/systemd/systemd" hostname=? addr=? terminal=? res=success'
Jan 24 12:28:04 rescue systemd[1]: Starting Network Configuration...
Jan 24 12:28:04 rescue kernel: e1000 0000:00:02.0 enp0s2: renamed from eth0
Jan 24 12:28:04 rescue systemd[1]: Found device QEMU_HARDDISK primary.
Jan 24 12:28:04 rescue systemd-networkd[142]: lo: Link UP
Jan 24 12:28:04 rescue systemd-networkd[142]: lo: Gained carrier
Jan 24 12:28:04 rescue systemd-networkd[142]: Enumeration completed
Jan 24 12:28:04 rescue systemd[1]: Mounting /boot...
Jan 24 12:28:04 rescue systemd[1]: Started Network Configuration.
Jan 24 12:28:04 rescue audit[1]: SERVICE_START pid=1 uid=0 auid=4294967295 ses=4294967295 subj=kernel msg='unit=systemd-networkd comm="systemd" exe="/usr/lib/systemd/systemd" hostname=? addr=? terminal=? res=success'
Jan 24 12:28:04 rescue kernel: FAT-fs (sda1): Volume was not properly unmounted. Some data may be corrupt. Please run fsck.
Jan 24 12:28:04 rescue systemd[1]: Mounted /boot.
Jan 24 12:28:04 rescue systemd[1]: Listening on Load/Save RF Kill Switch Status /dev/rfkill Watch.
Jan 24 12:28:04 rescue systemd-networkd[142]: enp0s2: Configuring with /etc/systemd/network/10-enp0s2.network.
Jan 24 12:28:04 rescue systemd-networkd[142]: enp0s2: Link UP
Jan 24 12:28:04 rescue kernel: e1000: enp0s2 NIC Link is Up 1000 Mbps Full Duplex, Flow Control: RX
Jan 24 12:28:04 rescue kernel: IPv6: ADDRCONF(NETDEV_CHANGE): enp0s2: link becomes ready
Jan 24 12:28:04 rescue systemd-networkd[142]: enp0s2: Gained carrier
Jan 24 12:28:05 rescue systemd-networkd[142]: enp0s2: DHCPv4 address 192.168.42.128/24, gateway 192.168.42.1 acquired from 192.168.42.1
Jan 24 12:28:05 rescue systemd-networkd[142]: enp0s2: Gained IPv6LL
Jan 24 12:28:09 rescue kernel: systemd-udevd (139) used greatest stack depth: 12760 bytes left
Jan 24 12:29:34 rescue systemd[1]: dev-zram0.device: Job dev-zram0.device/start timed out.
Jan 24 12:29:34 rescue systemd[1]: Timed out waiting for device /dev/zram0.
Jan 24 12:29:34 rescue systemd[1]: Dependency failed for Compressed Swap on /dev/zram0.
Jan 24 12:29:34 rescue systemd[1]: Dependency failed for Create swap on /dev/zram0.
Jan 24 12:29:34 rescue systemd[1]: systemd-zram-setup@zram0.service: Job systemd-zram-setup@zram0.service/start failed with result 'dependency'.
Jan 24 12:29:34 rescue systemd[1]: dev-zram0.swap: Job dev-zram0.swap/start failed with result 'dependency'.
Jan 24 12:29:34 rescue systemd[1]: dev-zram0.device: Job dev-zram0.device/start failed with result 'timeout'.
Jan 24 12:29:34 rescue systemd[1]: Reached target Swaps.
Jan 24 12:29:34 rescue systemd[1]: tmp.mount: Directory /tmp to mount over is not empty, mounting anyway.
Jan 24 12:29:36 rescue kernel: clocksource: timekeeping watchdog on CPU2: hpet wd-wd read-back delay of 87000ns
Jan 24 12:29:36 rescue kernel: clocksource: wd-tsc-wd read-back delay of 185000ns, clock-skew test skipped!
Jan 24 12:29:39 rescue systemd[1]: Mounting Temporary Directory /tmp...
Jan 24 12:29:39 rescue systemd[1]: Mounted Temporary Directory /tmp.
Jan 24 12:29:39 rescue systemd[1]: Reached target Local File Systems.
Jan 24 12:29:39 rescue systemd[1]: Rebuild Dynamic Linker Cache was skipped because no trigger condition checks were met.
Jan 24 12:29:39 rescue systemd[1]: Set Up Additional Binary Formats was skipped because no trigger condition checks were met.
Jan 24 12:29:39 rescue systemd[1]: Store a System Token in an EFI Variable was skipped because of an unmet condition check (ConditionPathExists=/sys/firmware/efi/efivars/LoaderFeatures-4a67b082-0a4c-41cf-b6c7-440b29bb8c4f).
Jan 24 12:29:39 rescue systemd[1]: Commit a transient machine-id on disk was skipped because of an unmet condition check (ConditionPathIsMountPoint=/etc/machine-id).
Jan 24 12:29:39 rescue systemd[1]: Starting Create Volatile Files and Directories...
Jan 24 12:29:39 rescue systemd[1]: Finished Create Volatile Files and Directories.
Jan 24 12:29:39 rescue audit[1]: SERVICE_START pid=1 uid=0 auid=4294967295 ses=4294967295 subj=kernel msg='unit=systemd-tmpfiles-setup comm="systemd" exe="/usr/lib/systemd/systemd" hostname=? addr=? terminal=? res=success'
Jan 24 12:29:39 rescue systemd[1]: Rebuild Journal Catalog was skipped because of an unmet condition check (ConditionNeedsUpdate=/var).
Jan 24 12:29:39 rescue systemd[1]: Starting Network Name Resolution...
Jan 24 12:29:39 rescue systemd[1]: Starting Network Time Synchronization...
Jan 24 12:29:39 rescue systemd[1]: Update is Completed was skipped because no trigger condition checks were met.
Jan 24 12:29:39 rescue systemd[1]: Starting Record System Boot/Shutdown in UTMP...
Jan 24 12:29:39 rescue kernel: kauditd_printk_skb: 7 callbacks suppressed
Jan 24 12:29:39 rescue kernel: audit: type=1130 audit(1674530979.823:18): pid=1 uid=0 auid=4294967295 ses=4294967295 subj=kernel msg='unit=systemd-tmpfiles-setup comm="systemd" exe="/usr/lib/systemd/systemd" hostname=? addr=? terminal=? res=success'
Jan 24 12:29:39 rescue audit[204]: SYSTEM_BOOT pid=204 uid=0 auid=4294967295 ses=4294967295 subj=kernel msg=' comm="systemd-update-utmp" exe="/usr/lib/systemd/systemd-update-utmp" hostname=? addr=? terminal=? res=success'
Jan 24 12:29:39 rescue systemd[1]: Finished Record System Boot/Shutdown in UTMP.
Jan 24 12:29:39 rescue audit[1]: SERVICE_START pid=1 uid=0 auid=4294967295 ses=4294967295 subj=kernel msg='unit=systemd-update-utmp comm="systemd" exe="/usr/lib/systemd/systemd" hostname=? addr=? terminal=? res=success'
Jan 24 12:29:40 rescue kernel: audit: type=1127 audit(1674530979.862:19): pid=204 uid=0 auid=4294967295 ses=4294967295 subj=kernel msg=' comm="systemd-update-utmp" exe="/usr/lib/systemd/systemd-update-utmp" hostname=? addr=? terminal=? res=success'
Jan 24 12:29:40 rescue kernel: audit: type=1130 audit(1674530979.891:20): pid=1 uid=0 auid=4294967295 ses=4294967295 subj=kernel msg='unit=systemd-update-utmp comm="systemd" exe="/usr/lib/systemd/systemd" hostname=? addr=? terminal=? res=success'
Jan 24 12:29:40 rescue systemd-resolved[202]: Positive Trust Anchors:
Jan 24 12:29:40 rescue systemd-resolved[202]: . IN DS 20326 8 2 e06d44b80b8f1d39a95c0b0d7c65d08458e880409bbc683457104237c7f8ec8d
Jan 24 12:29:40 rescue systemd-resolved[202]: Negative trust anchors: home.arpa 10.in-addr.arpa 16.172.in-addr.arpa 17.172.in-addr.arpa 18.172.in-addr.arpa 19.172.in-addr.arpa 20.172.in-addr.arpa 21.172.in-addr.arpa 22.172.in-addr.arpa 23.172.in-addr.arpa 24.172.in-addr.arpa 25.172.in-addr.arpa 26.172.in-addr.arpa 27.172.in-addr.arpa 28.172.in-addr.arpa 29.172.in-addr.arpa 30.172.in-addr.arpa 31.172.in-addr.arpa 168.192.in-addr.arpa d.f.ip6.arpa corp home internal intranet lan local private test
Jan 24 12:29:40 rescue systemd[1]: Started Network Time Synchronization.
Jan 24 12:29:40 rescue audit[1]: SERVICE_START pid=1 uid=0 auid=4294967295 ses=4294967295 subj=kernel msg='unit=systemd-timesyncd comm="systemd" exe="/usr/lib/systemd/systemd" hostname=? addr=? terminal=? res=success'
Jan 24 12:29:40 rescue systemd[1]: Reached target System Time Set.
Jan 24 12:29:40 rescue kernel: audit: type=1130 audit(1674530980.082:21): pid=1 uid=0 auid=4294967295 ses=4294967295 subj=kernel msg='unit=systemd-timesyncd comm="systemd" exe="/usr/lib/systemd/systemd" hostname=? addr=? terminal=? res=success'
Jan 24 12:29:40 rescue systemd-resolved[202]: Using system hostname 'rescue'.
Jan 24 12:29:40 rescue systemd[1]: Started Network Name Resolution.
Jan 24 12:29:40 rescue systemd[1]: Reached target Network.
Jan 24 12:29:40 rescue audit[1]: SERVICE_START pid=1 uid=0 auid=4294967295 ses=4294967295 subj=kernel msg='unit=systemd-resolved comm="systemd" exe="/usr/lib/systemd/systemd" hostname=? addr=? terminal=? res=success'
Jan 24 12:29:40 rescue systemd[1]: Reached target Host and Network Name Lookups.
Jan 24 12:29:40 rescue systemd[1]: Reached target System Initialization.
Jan 24 12:29:40 rescue kernel: audit: type=1130 audit(1674530980.271:22): pid=1 uid=0 auid=4294967295 ses=4294967295 subj=kernel msg='unit=systemd-resolved comm="systemd" exe="/usr/lib/systemd/systemd" hostname=? addr=? terminal=? res=success'
Jan 24 12:29:40 rescue systemd[1]: Started Refresh existing PGP keys of archlinux-keyring regularly.
Jan 24 12:29:40 rescue systemd[1]: Started Discard unused blocks once a week.
Jan 24 12:29:40 rescue systemd[1]: Started Daily man-db regeneration.
Jan 24 12:29:40 rescue systemd[1]: Started Daily verification of password and group files.
Jan 24 12:29:40 rescue systemd[1]: Started Daily Cleanup of Temporary Directories.
Jan 24 12:29:40 rescue systemd[1]: Reached target Timer Units.
Jan 24 12:29:40 rescue systemd[1]: Listening on D-Bus System Message Bus Socket.
Jan 24 12:29:40 rescue systemd[1]: Reached target Socket Units.
Jan 24 12:29:40 rescue systemd[1]: TPM2 PCR Barrier (Initialization) was skipped because of an unmet condition check (ConditionPathExists=/sys/firmware/efi/efivars/StubPcrKernelImage-4a67b082-0a4c-41cf-b6c7-440b29bb8c4f).
Jan 24 12:29:40 rescue systemd[1]: Reached target Basic System.
Jan 24 12:29:45 rescue systemd[1]: Starting D-Bus System Message Bus...
Jan 24 12:29:45 rescue systemd[1]: SSH Key Generation was skipped because no trigger condition checks were met.
Jan 24 12:29:45 rescue systemd[1]: Started OpenSSH Daemon.
Jan 24 12:29:45 rescue audit[1]: SERVICE_START pid=1 uid=0 auid=4294967295 ses=4294967295 subj=kernel msg='unit=sshd comm="systemd" exe="/usr/lib/systemd/systemd" hostname=? addr=? terminal=? res=success'
Jan 24 12:29:45 rescue systemd[1]: Starting User Login Management...
Jan 24 12:29:45 rescue systemd[1]: TPM2 PCR Barrier (User) was skipped because of an unmet condition check (ConditionPathExists=/sys/firmware/efi/efivars/StubPcrKernelImage-4a67b082-0a4c-41cf-b6c7-440b29bb8c4f).
Jan 24 12:29:45 rescue systemd[1]: Starting Permit User Sessions...
Jan 24 12:29:45 rescue kernel: audit: type=1130 audit(1674530985.723:23): pid=1 uid=0 auid=4294967295 ses=4294967295 subj=kernel msg='unit=sshd comm="systemd" exe="/usr/lib/systemd/systemd" hostname=? addr=? terminal=? res=success'
Jan 24 12:29:45 rescue systemd[1]: Finished Permit User Sessions.
Jan 24 12:29:45 rescue audit[1]: SERVICE_START pid=1 uid=0 auid=4294967295 ses=4294967295 subj=kernel msg='unit=systemd-user-sessions comm="systemd" exe="/usr/lib/systemd/systemd" hostname=? addr=? terminal=? res=success'
Jan 24 12:29:45 rescue kernel: audit: type=1130 audit(1674530985.864:24): pid=1 uid=0 auid=4294967295 ses=4294967295 subj=kernel msg='unit=systemd-user-sessions comm="systemd" exe="/usr/lib/systemd/systemd" hostname=? addr=? terminal=? res=success'
Jan 24 12:29:45 rescue systemd[1]: Started Getty on tty1.
Jan 24 12:29:45 rescue audit[1]: SERVICE_START pid=1 uid=0 auid=4294967295 ses=4294967295 subj=kernel msg='unit=getty@tty1 comm="systemd" exe="/usr/lib/systemd/systemd" hostname=? addr=? terminal=? res=success'
Jan 24 12:29:45 rescue systemd[1]: Reached target Login Prompts.
Jan 24 12:29:45 rescue systemd-logind[208]: Watching system buttons on /dev/input/event0 (Power Button)
Jan 24 12:29:45 rescue systemd-logind[208]: Watching system buttons on /dev/input/event1 (AT Translated Set 2 keyboard)
Jan 24 12:29:45 rescue kernel: audit: type=1130 audit(1674530985.895:25): pid=1 uid=0 auid=4294967295 ses=4294967295 subj=kernel msg='unit=getty@tty1 comm="systemd" exe="/usr/lib/systemd/systemd" hostname=? addr=? terminal=? res=success'
Jan 24 12:29:45 rescue sshd[207]: Server listening on 0.0.0.0 port 22.
Jan 24 12:29:45 rescue sshd[207]: Server listening on :: port 22.
Jan 24 12:29:45 rescue systemd-logind[208]: New seat seat0.
Jan 24 12:29:45 rescue systemd[1]: Started D-Bus System Message Bus.
Jan 24 12:29:45 rescue audit[1]: SERVICE_START pid=1 uid=0 auid=4294967295 ses=4294967295 subj=kernel msg='unit=dbus comm="systemd" exe="/usr/lib/systemd/systemd" hostname=? addr=? terminal=? res=success'
Jan 24 12:29:45 rescue systemd[1]: Started User Login Management.
Jan 24 12:29:45 rescue dbus-daemon[206]: [system] Successfully activated service 'org.freedesktop.systemd1'
Jan 24 12:29:45 rescue audit[1]: SERVICE_START pid=1 uid=0 auid=4294967295 ses=4294967295 subj=kernel msg='unit=systemd-logind comm="systemd" exe="/usr/lib/systemd/systemd" hostname=? addr=? terminal=? res=success'
Jan 24 12:29:45 rescue systemd[1]: Reached target Multi-User System.
Jan 24 12:29:45 rescue systemd[1]: Reached target Graphical Interface.
Jan 24 12:29:45 rescue systemd[1]: Startup finished in 1.823s (kernel) + 1min 42.133s (userspace) = 1min 43.957s.
