Jan 12 07:09:56 cjeon kernel: klogd 1.5.1, log source = /proc/kmsg started.
Jan 12 07:09:56 cjeon kernel: Cannot find map file.
Jan 12 07:09:56 cjeon kernel: Loaded 162178 symbols from 1 module.
Jan 12 07:09:56 cjeon kernel: [    0.000000] Linux version 6.2.0-rc3-next-20230111 (root@cjeon) (gcc (GCC) 12.2.0, GNU ld (GNU Binutils) 2.39) #1 SMP PREEMPT_DYNAMIC Thu Jan 12 06:54:36 KST 2023
Jan 12 07:09:56 cjeon kernel: [    0.000000] Command line: BOOT_IMAGE=/vmlinuz-6.2.rc3 root=PARTUUID=37F3D5F3-03 ro
Jan 12 07:09:56 cjeon kernel: [    0.000000] x86/fpu: Supporting XSAVE feature 0x001: 'x87 floating point registers'
Jan 12 07:09:56 cjeon kernel: [    0.000000] x86/fpu: Supporting XSAVE feature 0x002: 'SSE registers'
Jan 12 07:09:56 cjeon kernel: [    0.000000] x86/fpu: Supporting XSAVE feature 0x004: 'AVX registers'
Jan 12 07:09:56 cjeon kernel: [    0.000000] x86/fpu: xstate_offset[2]:  576, xstate_sizes[2]:  256
Jan 12 07:09:56 cjeon kernel: [    0.000000] x86/fpu: Enabled xstate features 0x7, context size is 832 bytes, using 'standard' format.
Jan 12 07:09:56 cjeon kernel: [    0.000000] signal: max sigframe size: 1776
Jan 12 07:09:56 cjeon kernel: [    0.000000] BIOS-provided physical RAM map:
Jan 12 07:09:56 cjeon kernel: [    0.000000] BIOS-e820: [mem 0x0000000000000000-0x000000000009fbff] usable
Jan 12 07:09:56 cjeon kernel: [    0.000000] BIOS-e820: [mem 0x000000000009fc00-0x000000000009ffff] reserved
Jan 12 07:09:56 cjeon kernel: [    0.000000] BIOS-e820: [mem 0x00000000000f0000-0x00000000000fffff] reserved
Jan 12 07:09:56 cjeon kernel: [    0.000000] BIOS-e820: [mem 0x0000000000100000-0x00000000dffeffff] usable
Jan 12 07:09:56 cjeon kernel: [    0.000000] BIOS-e820: [mem 0x00000000dfff0000-0x00000000dfffffff] ACPI data
Jan 12 07:09:56 cjeon kernel: [    0.000000] BIOS-e820: [mem 0x00000000fec00000-0x00000000fec00fff] reserved
Jan 12 07:09:56 cjeon kernel: [    0.000000] BIOS-e820: [mem 0x00000000fee00000-0x00000000fee00fff] reserved
Jan 12 07:09:56 cjeon kernel: [    0.000000] BIOS-e820: [mem 0x00000000fffc0000-0x00000000ffffffff] reserved
Jan 12 07:09:56 cjeon kernel: [    0.000000] BIOS-e820: [mem 0x0000000100000000-0x000000021fffffff] usable
Jan 12 07:09:56 cjeon kernel: [    0.000000] NX (Execute Disable) protection: active
Jan 12 07:09:56 cjeon kernel: [    0.000000] SMBIOS 2.5 present.
Jan 12 07:09:56 cjeon kernel: [    0.000000] DMI: innotek GmbH VirtualBox/VirtualBox, BIOS VirtualBox 12/01/2006
Jan 12 07:09:56 cjeon kernel: [    0.000000] Hypervisor detected: KVM
Jan 12 07:09:56 cjeon kernel: [    0.000000] kvm-clock: Using msrs 4b564d01 and 4b564d00
Jan 12 07:09:56 cjeon kernel: [    0.000001] kvm-clock: using sched offset of 5128307206 cycles
Jan 12 07:09:56 cjeon kernel: [    0.000002] clocksource: kvm-clock: mask: 0xffffffffffffffff max_cycles: 0x1cd42e4dffb, max_idle_ns: 881590591483 ns
Jan 12 07:09:56 cjeon kernel: [    0.000004] tsc: Detected 3095.998 MHz processor
Jan 12 07:09:56 cjeon kernel: [    0.000896] e820: update [mem 0x00000000-0x00000fff] usable ==> reserved
Jan 12 07:09:56 cjeon kernel: [    0.000898] e820: remove [mem 0x000a0000-0x000fffff] usable
Jan 12 07:09:56 cjeon kernel: [    0.000902] last_pfn = 0x220000 max_arch_pfn = 0x400000000
Jan 12 07:09:56 cjeon kernel: [    0.000908] MTRRs disabled by BIOS
Jan 12 07:09:56 cjeon kernel: [    0.000910] x86/PAT: Configuration [0-7]: WB  WC  UC- UC  WB  WP  UC- WT  
Jan 12 07:09:56 cjeon kernel: [    0.000926] last_pfn = 0xdfff0 max_arch_pfn = 0x400000000
Jan 12 07:09:56 cjeon kernel: [    0.000970] found SMP MP-table at [mem 0x0009fff0-0x0009ffff]
Jan 12 07:09:56 cjeon kernel: [    0.002172] ACPI: Early table checksum verification disabled
Jan 12 07:09:56 cjeon kernel: [    0.002175] ACPI: RSDP 0x00000000000E0000 000024 (v02 VBOX  )
Jan 12 07:09:56 cjeon kernel: [    0.002179] ACPI: XSDT 0x00000000DFFF0030 00003C (v01 VBOX   VBOXXSDT 00000001 ASL  00000061)
Jan 12 07:09:56 cjeon kernel: [    0.002183] ACPI: FACP 0x00000000DFFF00F0 0000F4 (v04 VBOX   VBOXFACP 00000001 ASL  00000061)
Jan 12 07:09:56 cjeon kernel: [    0.002187] ACPI: DSDT 0x00000000DFFF0490 0022EA (v02 VBOX   VBOXBIOS 00000002 INTL 20100528)
Jan 12 07:09:56 cjeon kernel: [    0.002189] ACPI: FACS 0x00000000DFFF0200 000040
Jan 12 07:09:56 cjeon kernel: [    0.002191] ACPI: FACS 0x00000000DFFF0200 000040
Jan 12 07:09:56 cjeon kernel: [    0.002193] ACPI: APIC 0x00000000DFFF0240 00007C (v02 VBOX   VBOXAPIC 00000001 ASL  00000061)
Jan 12 07:09:56 cjeon kernel: [    0.002196] ACPI: SSDT 0x00000000DFFF02C0 0001CC (v01 VBOX   VBOXCPUT 00000002 INTL 20100528)
Jan 12 07:09:56 cjeon kernel: [    0.002198] ACPI: Reserving FACP table memory at [mem 0xdfff00f0-0xdfff01e3]
Jan 12 07:09:56 cjeon kernel: [    0.002199] ACPI: Reserving DSDT table memory at [mem 0xdfff0490-0xdfff2779]
Jan 12 07:09:56 cjeon kernel: [    0.002199] ACPI: Reserving FACS table memory at [mem 0xdfff0200-0xdfff023f]
Jan 12 07:09:56 cjeon kernel: [    0.002200] ACPI: Reserving FACS table memory at [mem 0xdfff0200-0xdfff023f]
Jan 12 07:09:56 cjeon kernel: [    0.002200] ACPI: Reserving APIC table memory at [mem 0xdfff0240-0xdfff02bb]
Jan 12 07:09:56 cjeon kernel: [    0.002201] ACPI: Reserving SSDT table memory at [mem 0xdfff02c0-0xdfff048b]
Jan 12 07:09:56 cjeon kernel: [    0.002342] No NUMA configuration found
Jan 12 07:09:56 cjeon kernel: [    0.002343] Faking a node at [mem 0x0000000000000000-0x000000021fffffff]
Jan 12 07:09:56 cjeon kernel: [    0.002345] NODE_DATA(0) allocated [mem 0x21fff8000-0x21fffbfff]
Jan 12 07:09:56 cjeon kernel: [    0.002357] Zone ranges:
Jan 12 07:09:56 cjeon kernel: [    0.002357]   DMA      [mem 0x0000000000001000-0x0000000000ffffff]
Jan 12 07:09:56 cjeon kernel: [    0.002359]   DMA32    [mem 0x0000000001000000-0x00000000ffffffff]
Jan 12 07:09:56 cjeon kernel: [    0.002360]   Normal   [mem 0x0000000100000000-0x000000021fffffff]
Jan 12 07:09:56 cjeon kernel: [    0.002361] Movable zone start for each node
Jan 12 07:09:56 cjeon kernel: [    0.002361] Early memory node ranges
Jan 12 07:09:56 cjeon kernel: [    0.002362]   node   0: [mem 0x0000000000001000-0x000000000009efff]
Jan 12 07:09:56 cjeon kernel: [    0.002363]   node   0: [mem 0x0000000000100000-0x00000000dffeffff]
Jan 12 07:09:56 cjeon kernel: [    0.002363]   node   0: [mem 0x0000000100000000-0x000000021fffffff]
Jan 12 07:09:56 cjeon kernel: [    0.002365] Initmem setup node 0 [mem 0x0000000000001000-0x000000021fffffff]
Jan 12 07:09:56 cjeon kernel: [    0.003331] On node 0, zone DMA: 1 pages in unavailable ranges
Jan 12 07:09:56 cjeon kernel: [    0.003345] On node 0, zone DMA: 97 pages in unavailable ranges
Jan 12 07:09:56 cjeon kernel: [    0.069167] On node 0, zone Normal: 16 pages in unavailable ranges
Jan 12 07:09:56 cjeon kernel: [    0.069516] ACPI: PM-Timer IO Port: 0x4008
Jan 12 07:09:56 cjeon kernel: [    0.069558] IOAPIC[0]: apic_id 6, version 32, address 0xfec00000, GSI 0-23
Jan 12 07:09:56 cjeon kernel: [    0.069561] ACPI: INT_SRC_OVR (bus 0 bus_irq 0 global_irq 2 dfl dfl)
Jan 12 07:09:56 cjeon kernel: [    0.069562] ACPI: INT_SRC_OVR (bus 0 bus_irq 9 global_irq 9 low level)
Jan 12 07:09:56 cjeon kernel: [    0.069566] ACPI: Using ACPI (MADT) for SMP configuration information
Jan 12 07:09:56 cjeon kernel: [    0.069571] smpboot: Allowing 6 CPUs, 0 hotplug CPUs
Jan 12 07:09:56 cjeon kernel: [    0.069587] PM: hibernation: Registered nosave memory: [mem 0x00000000-0x00000fff]
Jan 12 07:09:56 cjeon kernel: [    0.069589] PM: hibernation: Registered nosave memory: [mem 0x0009f000-0x0009ffff]
Jan 12 07:09:56 cjeon kernel: [    0.069589] PM: hibernation: Registered nosave memory: [mem 0x000a0000-0x000effff]
Jan 12 07:09:56 cjeon kernel: [    0.069590] PM: hibernation: Registered nosave memory: [mem 0x000f0000-0x000fffff]
Jan 12 07:09:56 cjeon kernel: [    0.069591] PM: hibernation: Registered nosave memory: [mem 0xdfff0000-0xdfffffff]
Jan 12 07:09:56 cjeon kernel: [    0.069591] PM: hibernation: Registered nosave memory: [mem 0xe0000000-0xfebfffff]
Jan 12 07:09:56 cjeon kernel: [    0.069592] PM: hibernation: Registered nosave memory: [mem 0xfec00000-0xfec00fff]
Jan 12 07:09:56 cjeon kernel: [    0.069592] PM: hibernation: Registered nosave memory: [mem 0xfec01000-0xfedfffff]
Jan 12 07:09:56 cjeon kernel: [    0.069593] PM: hibernation: Registered nosave memory: [mem 0xfee00000-0xfee00fff]
Jan 12 07:09:56 cjeon kernel: [    0.069593] PM: hibernation: Registered nosave memory: [mem 0xfee01000-0xfffbffff]
Jan 12 07:09:56 cjeon kernel: [    0.069594] PM: hibernation: Registered nosave memory: [mem 0xfffc0000-0xffffffff]
Jan 12 07:09:56 cjeon kernel: [    0.069595] [mem 0xe0000000-0xfebfffff] available for PCI devices
Jan 12 07:09:56 cjeon kernel: [    0.069595] Booting paravirtualized kernel on KVM
Jan 12 07:09:56 cjeon kernel: [    0.069597] clocksource: refined-jiffies: mask: 0xffffffff max_cycles: 0xffffffff, max_idle_ns: 1910969940391419 ns
Jan 12 07:09:56 cjeon kernel: [    0.073966] setup_percpu: NR_CPUS:64 nr_cpumask_bits:6 nr_cpu_ids:6 nr_node_ids:1
Jan 12 07:09:56 cjeon kernel: [    0.075046] percpu: Embedded 54 pages/cpu s181416 r8192 d31576 u262144
Jan 12 07:09:56 cjeon kernel: [    0.075051] pcpu-alloc: s181416 r8192 d31576 u262144 alloc=1*2097152
Jan 12 07:09:56 cjeon kernel: [    0.075053] pcpu-alloc: [0] 0 1 2 3 4 5 - - 
Jan 12 07:09:56 cjeon kernel: [    0.075067] Fallback order for Node 0: 0 
Jan 12 07:09:56 cjeon kernel: [    0.075069] Built 1 zonelists, mobility grouping on.  Total pages: 2064112
Jan 12 07:09:56 cjeon kernel: [    0.075070] Policy zone: Normal
Jan 12 07:09:56 cjeon kernel: [    0.075071] Kernel command line: BOOT_IMAGE=/vmlinuz-6.2.rc3 root=PARTUUID=37F3D5F3-03 ro
Jan 12 07:09:56 cjeon kernel: [    0.075088] Unknown kernel command line parameters "BOOT_IMAGE=/vmlinuz-6.2.rc3", will be passed to user space.
Jan 12 07:09:56 cjeon kernel: [    0.075121] random: crng init done
Jan 12 07:09:56 cjeon kernel: [    0.079045] Dentry cache hash table entries: 1048576 (order: 11, 8388608 bytes, linear)
Jan 12 07:09:56 cjeon kernel: [    0.080958] Inode-cache hash table entries: 524288 (order: 10, 4194304 bytes, linear)
Jan 12 07:09:56 cjeon kernel: [    0.081051] mem auto-init: stack:all(zero), heap alloc:off, heap free:off
Jan 12 07:09:56 cjeon kernel: [    0.081055] software IO TLB: area num 8.
Jan 12 07:09:56 cjeon kernel: [    0.126488] Memory: 8137196K/8388152K available (18432K kernel code, 2645K rwdata, 6304K rodata, 2504K init, 1848K bss, 250696K reserved, 0K cma-reserved)
Jan 12 07:09:56 cjeon kernel: [    0.126514] SLUB: HWalign=64, Order=0-3, MinObjects=0, CPUs=6, Nodes=1
Jan 12 07:09:56 cjeon kernel: [    0.126519] Kernel/User page tables isolation: enabled
Jan 12 07:09:56 cjeon kernel: [    0.127305] Dynamic Preempt: voluntary
Jan 12 07:09:56 cjeon kernel: [    0.128316] rcu: Preemptible hierarchical RCU implementation.
Jan 12 07:09:56 cjeon kernel: [    0.128317] rcu: ^IRCU event tracing is enabled.
Jan 12 07:09:56 cjeon kernel: [    0.128317] rcu: ^IRCU restricting CPUs from NR_CPUS=64 to nr_cpu_ids=6.
Jan 12 07:09:56 cjeon kernel: [    0.128319] ^ITrampoline variant of Tasks RCU enabled.
Jan 12 07:09:56 cjeon kernel: [    0.128319] rcu: RCU calculated value of scheduler-enlistment delay is 100 jiffies.
Jan 12 07:09:56 cjeon kernel: [    0.128320] rcu: Adjusting geometry for rcu_fanout_leaf=16, nr_cpu_ids=6
Jan 12 07:09:56 cjeon kernel: [    0.129262] NR_IRQS: 4352, nr_irqs: 472, preallocated irqs: 16
Jan 12 07:09:56 cjeon kernel: [    0.129417] rcu: srcu_init: Setting srcu_struct sizes based on contention.
Jan 12 07:09:56 cjeon kernel: [    0.133787] Console: colour VGA+ 80x25
Jan 12 07:09:56 cjeon kernel: [    0.133789] printk: console [tty0] enabled
Jan 12 07:09:56 cjeon kernel: [    0.157165] ACPI: Core revision 20221020
Jan 12 07:09:56 cjeon kernel: [    0.157419] APIC: Switch to symmetric I/O mode setup
Jan 12 07:09:56 cjeon kernel: [    0.158479] ..TIMER: vector=0x30 apic1=0 pin1=2 apic2=-1 pin2=-1
Jan 12 07:09:56 cjeon kernel: [    0.158689] clocksource: tsc-early: mask: 0xffffffffffffffff max_cycles: 0x2ca082f6619, max_idle_ns: 440795220240 ns
Jan 12 07:09:56 cjeon kernel: [    0.159017] Calibrating delay loop (skipped) preset value.. 6191.99 BogoMIPS (lpj=3095998)
Jan 12 07:09:56 cjeon kernel: [    0.159294] pid_max: default: 32768 minimum: 301
Jan 12 07:09:56 cjeon kernel: [    0.159472] LSM: initializing lsm=capability,integrity,selinux
Jan 12 07:09:56 cjeon kernel: [    0.159667] SELinux:  Initializing.
Jan 12 07:09:56 cjeon kernel: [    0.159838] Mount-cache hash table entries: 16384 (order: 5, 131072 bytes, linear)
Jan 12 07:09:56 cjeon kernel: [    0.160014] Mountpoint-cache hash table entries: 16384 (order: 5, 131072 bytes, linear)
Jan 12 07:09:56 cjeon kernel: [    0.161101] unchecked MSR access error: WRMSR to 0x3a (tried to write 0x0000000000000001) at rIP: 0xffffffff972460c2 (init_ia32_feat_ctl+0x92/0x350)
Jan 12 07:09:56 cjeon kernel: [    0.161493] Call Trace:
Jan 12 07:09:56 cjeon kernel: [    0.161615]  <TASK>
Jan 12 07:09:56 cjeon kernel: [    0.161730]  init_intel+0xb0/0x4c0
Jan 12 07:09:56 cjeon kernel: [    0.161872]  identify_cpu+0x270/0x720
Jan 12 07:09:56 cjeon kernel: [    0.162014]  identify_boot_cpu+0x10/0xa9
Jan 12 07:09:56 cjeon kernel: [    0.162014]  check_bugs+0x27/0xf34
Jan 12 07:09:56 cjeon kernel: [    0.162014]  start_kernel+0x657/0x68f
Jan 12 07:09:56 cjeon kernel: [    0.162014]  secondary_startup_64_no_verify+0xe0/0xeb
Jan 12 07:09:56 cjeon kernel: [    0.162014]  </TASK>
Jan 12 07:09:56 cjeon kernel: [    0.162014] Last level iTLB entries: 4KB 128, 2MB 8, 4MB 8
Jan 12 07:09:56 cjeon kernel: [    0.162014] Last level dTLB entries: 4KB 64, 2MB 0, 4MB 0, 1GB 4
Jan 12 07:09:56 cjeon kernel: [    0.162014] Spectre V1 : Mitigation: usercopy/swapgs barriers and __user pointer sanitization
Jan 12 07:09:56 cjeon kernel: [    0.162014] Spectre V2 : Mitigation: Retpolines
Jan 12 07:09:56 cjeon kernel: [    0.162014] Spectre V2 : Spectre v2 / SpectreRSB mitigation: Filling RSB on context switch
Jan 12 07:09:56 cjeon kernel: [    0.162014] Spectre V2 : Spectre v2 / SpectreRSB : Filling RSB on VMEXIT
Jan 12 07:09:56 cjeon kernel: [    0.162014] RETBleed: WARNING: Spectre v2 mitigation leaves CPU vulnerable to RETBleed attacks, data leaks possible!
Jan 12 07:09:56 cjeon kernel: [    0.162014] RETBleed: Vulnerable
Jan 12 07:09:56 cjeon kernel: [    0.162014] Speculative Store Bypass: Vulnerable
Jan 12 07:09:56 cjeon kernel: [    0.162014] MDS: Mitigation: Clear CPU buffers
Jan 12 07:09:56 cjeon kernel: [    0.162014] MMIO Stale Data: Mitigation: Clear CPU buffers
Jan 12 07:09:56 cjeon kernel: [    0.162014] SRBDS: Unknown: Dependent on hypervisor status
Jan 12 07:09:56 cjeon kernel: [    0.172014] Freeing SMP alternatives memory: 44K
Jan 12 07:09:56 cjeon kernel: [    0.278052] APIC calibration not consistent with PM-Timer: 103ms instead of 100ms
Jan 12 07:09:56 cjeon kernel: [    0.278327] APIC delta adjusted to PM-Timer: 6300852 (6502136)
Jan 12 07:09:56 cjeon kernel: [    0.278594] smpboot: CPU0: Intel(R) Core(TM) i5-8600 CPU @ 3.10GHz (family: 0x6, model: 0x9e, stepping: 0xa)
Jan 12 07:09:56 cjeon kernel: [    0.278999] cblist_init_generic: Setting adjustable number of callback queues.
Jan 12 07:09:56 cjeon kernel: [    0.279014] cblist_init_generic: Setting shift to 3 and lim to 1.
Jan 12 07:09:56 cjeon kernel: [    0.279014] Performance Events: unsupported p6 CPU model 158 no PMU driver, software events only.
Jan 12 07:09:56 cjeon kernel: [    0.279043] rcu: Hierarchical SRCU implementation.
Jan 12 07:09:56 cjeon kernel: [    0.279215] rcu: ^IMax phase no-delay instances is 400.
Jan 12 07:09:56 cjeon kernel: [    0.279521] smp: Bringing up secondary CPUs ...
Jan 12 07:09:56 cjeon kernel: [    0.280063] x86: Booting SMP configuration:
Jan 12 07:09:56 cjeon kernel: [    0.280223] .... node  #0, CPUs:      #1 #2 #3 #4 #5
Jan 12 07:09:56 cjeon kernel: [    0.288259] smp: Brought up 1 node, 6 CPUs
Jan 12 07:09:56 cjeon kernel: [    0.288598] smpboot: Max logical packages: 1
Jan 12 07:09:56 cjeon kernel: [    0.289017] smpboot: Total of 6 processors activated (37151.97 BogoMIPS)
Jan 12 07:09:56 cjeon kernel: [    0.298088] devtmpfs: initialized
Jan 12 07:09:56 cjeon kernel: [    0.301068] clocksource: jiffies: mask: 0xffffffff max_cycles: 0xffffffff, max_idle_ns: 1911260446275000 ns
Jan 12 07:09:56 cjeon kernel: [    0.302017] futex hash table entries: 2048 (order: 5, 131072 bytes, linear)
Jan 12 07:09:56 cjeon kernel: [    0.305015] PM: RTC time: 22:09:49, date: 2023-01-11
Jan 12 07:09:56 cjeon kernel: [    0.305370] NET: Registered PF_NETLINK/PF_ROUTE protocol family
Jan 12 07:09:56 cjeon kernel: [    0.306032] audit: initializing netlink subsys (disabled)
Jan 12 07:09:56 cjeon kernel: [    0.306252] audit: type=2000 audit(1673474995.777:1): state=initialized audit_enabled=0 res=1
Jan 12 07:09:56 cjeon kernel: [    0.306252] thermal_sys: Registered thermal governor 'step_wise'
Jan 12 07:09:56 cjeon kernel: [    0.306351] thermal_sys: Registered thermal governor 'user_space'
Jan 12 07:09:56 cjeon kernel: [    0.306584] cpuidle: using governor menu
Jan 12 07:09:56 cjeon kernel: [    0.307302] PCI: Using configuration type 1 for base access
Jan 12 07:09:56 cjeon kernel: [    0.307628] kprobes: kprobe jump-optimization is enabled. All kprobes are optimized if possible.
Jan 12 07:09:56 cjeon kernel: [    0.312084] HugeTLB: registered 2.00 MiB page size, pre-allocated 0 pages
Jan 12 07:09:56 cjeon kernel: [    0.312271] HugeTLB: 28 KiB vmemmap can be freed for a 2.00 MiB page
Jan 12 07:09:56 cjeon kernel: [    0.313537] ACPI: Added _OSI(Module Device)
Jan 12 07:09:56 cjeon kernel: [    0.313537] ACPI: Added _OSI(Processor Device)
Jan 12 07:09:56 cjeon kernel: [    0.313537] ACPI: Added _OSI(3.0 _SCP Extensions)
Jan 12 07:09:56 cjeon kernel: [    0.313553] ACPI: Added _OSI(Processor Aggregator Device)
Jan 12 07:09:56 cjeon kernel: [    0.314514] ACPI: 2 ACPI AML tables successfully acquired and loaded
Jan 12 07:09:56 cjeon kernel: [    0.378286] ACPI: Interpreter enabled
Jan 12 07:09:56 cjeon kernel: [    0.378292] ACPI: PM: (supports S0 S5)
Jan 12 07:09:56 cjeon kernel: [    0.378292] ACPI: Using IOAPIC for interrupt routing
Jan 12 07:09:56 cjeon kernel: [    0.378308] PCI: Using host bridge windows from ACPI; if necessary, use "pci=nocrs" and report a bug
Jan 12 07:09:56 cjeon kernel: [    0.378614] PCI: Using E820 reservations for host bridge windows
Jan 12 07:09:56 cjeon kernel: [    0.378902] ACPI: Enabled 2 GPEs in block 00 to 07
Jan 12 07:09:56 cjeon kernel: [    0.382444] ACPI: PCI Root Bridge [PCI0] (domain 0000 [bus 00-ff])
Jan 12 07:09:56 cjeon kernel: [    0.382659] acpi PNP0A03:00: _OSC: OS supports [ASPM ClockPM Segments MSI HPX-Type3]
Jan 12 07:09:56 cjeon kernel: [    0.382935] acpi PNP0A03:00: _OSC: not requesting OS control; OS requires [ExtendedConfig ASPM ClockPM MSI]
Jan 12 07:09:56 cjeon kernel: [    0.383212] acpi PNP0A03:00: fail to add MMCONFIG information, can't access extended configuration space under this bridge
Jan 12 07:09:56 cjeon kernel: [    0.383646] PCI host bridge to bus 0000:00
Jan 12 07:09:56 cjeon kernel: [    0.383806] pci_bus 0000:00: root bus resource [io  0x0000-0x0cf7 window]
Jan 12 07:09:56 cjeon kernel: [    0.384015] pci_bus 0000:00: root bus resource [io  0x0d00-0xffff window]
Jan 12 07:09:56 cjeon kernel: [    0.384231] pci_bus 0000:00: root bus resource [mem 0x000a0000-0x000bffff window]
Jan 12 07:09:56 cjeon kernel: [    0.384497] pci_bus 0000:00: root bus resource [mem 0xe0000000-0xfdffffff window]
Jan 12 07:09:56 cjeon kernel: [    0.384773] pci_bus 0000:00: root bus resource [bus 00-ff]
Jan 12 07:09:56 cjeon kernel: [    0.385083] pci 0000:00:00.0: [8086:1237] type 00 class 0x060000
Jan 12 07:09:56 cjeon kernel: [    0.385736] pci 0000:00:01.0: [8086:7000] type 00 class 0x060100
Jan 12 07:09:56 cjeon kernel: [    0.386587] pci 0000:00:01.1: [8086:7111] type 00 class 0x01018a
Jan 12 07:09:56 cjeon kernel: [    0.387532] pci 0000:00:01.1: reg 0x20: [io  0xd000-0xd00f]
Jan 12 07:09:56 cjeon kernel: [    0.388107] pci 0000:00:01.1: legacy IDE quirk: reg 0x10: [io  0x01f0-0x01f7]
Jan 12 07:09:56 cjeon kernel: [    0.388332] pci 0000:00:01.1: legacy IDE quirk: reg 0x14: [io  0x03f6]
Jan 12 07:09:56 cjeon kernel: [    0.388543] pci 0000:00:01.1: legacy IDE quirk: reg 0x18: [io  0x0170-0x0177]
Jan 12 07:09:56 cjeon kernel: [    0.388762] pci 0000:00:01.1: legacy IDE quirk: reg 0x1c: [io  0x0376]
Jan 12 07:09:56 cjeon kernel: [    0.389044] pci 0000:00:02.0: [15ad:0405] type 00 class 0x030000
Jan 12 07:09:56 cjeon kernel: [    0.391366] pci 0000:00:02.0: reg 0x10: [io  0xd010-0xd01f]
Jan 12 07:09:56 cjeon kernel: [    0.394031] pci 0000:00:02.0: reg 0x14: [mem 0xf0000000-0xf0ffffff]
Jan 12 07:09:56 cjeon kernel: [    0.406082] pci 0000:00:02.0: reg 0x18: [mem 0xf1000000-0xf11fffff]
Jan 12 07:09:56 cjeon kernel: [    0.425077] pci 0000:00:02.0: Video device with shadowed ROM at [mem 0x000c0000-0x000dffff]
Jan 12 07:09:56 cjeon kernel: [    0.427110] pci 0000:00:03.0: [8086:100e] type 00 class 0x020000
Jan 12 07:09:56 cjeon kernel: [    0.428202] pci 0000:00:03.0: reg 0x10: [mem 0xf1200000-0xf121ffff]
Jan 12 07:09:56 cjeon kernel: [    0.434074] pci 0000:00:03.0: reg 0x18: [io  0xd020-0xd027]
Jan 12 07:09:56 cjeon kernel: [    0.449316] pci 0000:00:04.0: [80ee:cafe] type 00 class 0x088000
Jan 12 07:09:56 cjeon kernel: [    0.450153] pci 0000:00:04.0: reg 0x10: [io  0xd040-0xd05f]
Jan 12 07:09:56 cjeon kernel: [    0.454014] pci 0000:00:04.0: reg 0x14: [mem 0xf1400000-0xf17fffff]
Jan 12 07:09:56 cjeon kernel: [    0.457068] pci 0000:00:04.0: reg 0x18: [mem 0xf1800000-0xf1803fff pref]
Jan 12 07:09:56 cjeon kernel: [    0.470268] pci 0000:00:05.0: [8086:2415] type 00 class 0x040100
Jan 12 07:09:56 cjeon kernel: [    0.470634] pci 0000:00:05.0: reg 0x10: [io  0xd100-0xd1ff]
Jan 12 07:09:56 cjeon kernel: [    0.471077] pci 0000:00:05.0: reg 0x14: [io  0xd200-0xd23f]
Jan 12 07:09:56 cjeon kernel: [    0.471834] pci 0000:00:06.0: [106b:003f] type 00 class 0x0c0310
Jan 12 07:09:56 cjeon kernel: [    0.474131] pci 0000:00:06.0: reg 0x10: [mem 0xf1804000-0xf1804fff]
Jan 12 07:09:56 cjeon kernel: [    0.495230] pci 0000:00:07.0: [8086:7113] type 00 class 0x068000
Jan 12 07:09:56 cjeon kernel: [    0.501407] pci 0000:00:07.0: quirk: [io  0x4000-0x403f] claimed by PIIX4 ACPI
Jan 12 07:09:56 cjeon kernel: [    0.501724] pci 0000:00:07.0: quirk: [io  0x4100-0x410f] claimed by PIIX4 SMB
Jan 12 07:09:56 cjeon kernel: [    0.503078] ACPI: PCI: Interrupt link LNKA configured for IRQ 11
Jan 12 07:09:56 cjeon kernel: [    0.503430] ACPI: PCI: Interrupt link LNKB configured for IRQ 10
Jan 12 07:09:56 cjeon kernel: [    0.503718] ACPI: PCI: Interrupt link LNKC configured for IRQ 9
Jan 12 07:09:56 cjeon kernel: [    0.503984] ACPI: PCI: Interrupt link LNKD configured for IRQ 11
Jan 12 07:09:56 cjeon kernel: [    0.504160] iommu: Default domain type: Translated 
Jan 12 07:09:56 cjeon kernel: [    0.504337] iommu: DMA domain TLB invalidation policy: lazy mode 
Jan 12 07:09:56 cjeon kernel: [    0.504601] SCSI subsystem initialized
Jan 12 07:09:56 cjeon kernel: [    0.505041] libata version 3.00 loaded.
Jan 12 07:09:56 cjeon kernel: [    0.505070] ACPI: bus type USB registered
Jan 12 07:09:56 cjeon kernel: [    0.505070] usbcore: registered new interface driver usbfs
Jan 12 07:09:56 cjeon kernel: [    0.505224] usbcore: registered new interface driver hub
Jan 12 07:09:56 cjeon kernel: [    0.505415] usbcore: registered new device driver usb
Jan 12 07:09:56 cjeon kernel: [    0.505606] pps_core: LinuxPPS API ver. 1 registered
Jan 12 07:09:56 cjeon kernel: [    0.505863] pps_core: Software ver. 5.3.6 - Copyright 2005-2007 Rodolfo Giometti <giometti@linux.it>
Jan 12 07:09:56 cjeon kernel: [    0.506022] PTP clock support registered
Jan 12 07:09:56 cjeon kernel: [    0.507071] Advanced Linux Sound Architecture Driver Initialized.
Jan 12 07:09:56 cjeon kernel: [    0.507389] NetLabel: Initializing
Jan 12 07:09:56 cjeon kernel: [    0.507535] NetLabel:  domain hash size = 128
Jan 12 07:09:56 cjeon kernel: [    0.507699] NetLabel:  protocols = UNLABELED CIPSOv4 CALIPSO
Jan 12 07:09:56 cjeon kernel: [    0.507908] NetLabel:  unlabeled traffic allowed by default
Jan 12 07:09:56 cjeon kernel: [    0.508094] PCI: Using ACPI for IRQ routing
Jan 12 07:09:56 cjeon kernel: [    0.508259] PCI: pci_cache_line_size set to 64 bytes
Jan 12 07:09:56 cjeon kernel: [    0.508259] e820: reserve RAM buffer [mem 0x0009fc00-0x0009ffff]
Jan 12 07:09:56 cjeon kernel: [    0.508259] e820: reserve RAM buffer [mem 0xdfff0000-0xdfffffff]
Jan 12 07:09:56 cjeon kernel: [    0.509033] pci 0000:00:02.0: vgaarb: setting as boot VGA device
Jan 12 07:09:56 cjeon kernel: [    0.509235] pci 0000:00:02.0: vgaarb: bridge control possible
Jan 12 07:09:56 cjeon kernel: [    0.509433] pci 0000:00:02.0: vgaarb: VGA device added: decodes=io+mem,owns=io+mem,locks=none
Jan 12 07:09:56 cjeon kernel: [    0.510016] vgaarb: loaded
Jan 12 07:09:56 cjeon kernel: [    0.512014] clocksource: Switched to clocksource kvm-clock
Jan 12 07:09:56 cjeon kernel: [    0.512222] VFS: Disk quotas dquot_6.6.0
Jan 12 07:09:56 cjeon kernel: [    0.512421] VFS: Dquot-cache hash table entries: 512 (order 0, 4096 bytes)
Jan 12 07:09:56 cjeon kernel: [    0.512683] pnp: PnP ACPI init
Jan 12 07:09:56 cjeon kernel: [    0.514990] pnp: PnP ACPI: found 2 devices
Jan 12 07:09:56 cjeon kernel: [    0.529628] clocksource: acpi_pm: mask: 0xffffff max_cycles: 0xffffff, max_idle_ns: 2085701024 ns
Jan 12 07:09:56 cjeon kernel: [    0.529961] NET: Registered PF_INET protocol family
Jan 12 07:09:56 cjeon kernel: [    0.530623] IP idents hash table entries: 131072 (order: 8, 1048576 bytes, linear)
Jan 12 07:09:56 cjeon kernel: [    0.532647] tcp_listen_portaddr_hash hash table entries: 4096 (order: 4, 65536 bytes, linear)
Jan 12 07:09:56 cjeon kernel: [    0.532647] Table-perturb hash table entries: 65536 (order: 6, 262144 bytes, linear)
Jan 12 07:09:56 cjeon kernel: [    0.532647] TCP established hash table entries: 65536 (order: 7, 524288 bytes, linear)
Jan 12 07:09:56 cjeon kernel: [    0.532647] TCP bind hash table entries: 65536 (order: 9, 2097152 bytes, linear)
Jan 12 07:09:56 cjeon kernel: [    0.535104] TCP: Hash tables configured (established 65536 bind 65536)
Jan 12 07:09:56 cjeon kernel: [    0.535381] UDP hash table entries: 4096 (order: 5, 131072 bytes, linear)
Jan 12 07:09:56 cjeon kernel: [    0.535670] UDP-Lite hash table entries: 4096 (order: 5, 131072 bytes, linear)
Jan 12 07:09:56 cjeon kernel: [    0.535968] NET: Registered PF_UNIX/PF_LOCAL protocol family
Jan 12 07:09:56 cjeon kernel: [    0.536463] RPC: Registered named UNIX socket transport module.
Jan 12 07:09:56 cjeon kernel: [    0.536667] RPC: Registered udp transport module.
Jan 12 07:09:56 cjeon kernel: [    0.536836] RPC: Registered tcp transport module.
Jan 12 07:09:56 cjeon kernel: [    0.537005] RPC: Registered tcp NFSv4.1 backchannel transport module.
Jan 12 07:09:56 cjeon kernel: [    0.537550] pci_bus 0000:00: resource 4 [io  0x0000-0x0cf7 window]
Jan 12 07:09:56 cjeon kernel: [    0.537771] pci_bus 0000:00: resource 5 [io  0x0d00-0xffff window]
Jan 12 07:09:56 cjeon kernel: [    0.537971] pci_bus 0000:00: resource 6 [mem 0x000a0000-0x000bffff window]
Jan 12 07:09:56 cjeon kernel: [    0.538185] pci_bus 0000:00: resource 7 [mem 0xe0000000-0xfdffffff window]
Jan 12 07:09:56 cjeon kernel: [    0.538426] pci 0000:00:00.0: Limiting direct PCI/PCI transfers
Jan 12 07:09:56 cjeon kernel: [    0.539449] PCI: CLS 0 bytes, default 64
Jan 12 07:09:56 cjeon kernel: [    0.539618] PCI-DMA: Using software bounce buffering for IO (SWIOTLB)
Jan 12 07:09:56 cjeon kernel: [    0.541068] software IO TLB: mapped [mem 0x00000000dbff0000-0x00000000dfff0000] (64MB)
Jan 12 07:09:56 cjeon kernel: [    0.542204] RAPL PMU: API unit is 2^-32 Joules, 0 fixed counters, 10737418240 ms ovfl timer
Jan 12 07:09:56 cjeon kernel: [    0.542500] clocksource: tsc: mask: 0xffffffffffffffff max_cycles: 0x2ca082f6619, max_idle_ns: 440795220240 ns
Jan 12 07:09:56 cjeon kernel: [    0.584704] clocksource: Switched to clocksource tsc
Jan 12 07:09:56 cjeon kernel: [    0.584934] platform rtc_cmos: registered platform RTC device (no PNP device found)
Jan 12 07:09:56 cjeon kernel: [    0.591107] Initialise system trusted keyrings
Jan 12 07:09:56 cjeon kernel: [    0.591400] workingset: timestamp_bits=56 max_order=21 bucket_order=0
Jan 12 07:09:56 cjeon kernel: [    0.591835] NFS: Registering the id_resolver key type
Jan 12 07:09:56 cjeon kernel: [    0.592032] Key type id_resolver registered
Jan 12 07:09:56 cjeon kernel: [    0.592217] Key type id_legacy registered
Jan 12 07:09:56 cjeon kernel: [    0.592555] 9p: Installing v9fs 9p2000 file system support
Jan 12 07:09:56 cjeon kernel: [    0.599891] Key type asymmetric registered
Jan 12 07:09:56 cjeon kernel: [    0.600087] Asymmetric key parser 'x509' registered
Jan 12 07:09:56 cjeon kernel: [    0.600286] Block layer SCSI generic (bsg) driver version 0.4 loaded (major 251)
Jan 12 07:09:56 cjeon kernel: [    0.600558] io scheduler mq-deadline registered
Jan 12 07:09:56 cjeon kernel: [    0.600724] io scheduler kyber registered
Jan 12 07:09:56 cjeon kernel: [    0.601556] ACPI: AC: AC Adapter [AC] (on-line)
Jan 12 07:09:56 cjeon kernel: [    0.601760] input: Power Button as /devices/LNXSYSTM:00/LNXPWRBN:00/input/input0
Jan 12 07:09:56 cjeon kernel: [    0.602160] ACPI: button: Power Button [PWRF]
Jan 12 07:09:56 cjeon kernel: [    0.602378] input: Sleep Button as /devices/LNXSYSTM:00/LNXSLPBN:00/input/input1
Jan 12 07:09:56 cjeon kernel: [    0.602654] ACPI: button: Sleep Button [SLPF]
Jan 12 07:09:56 cjeon kernel: [    0.602882] ACPI: video: Video Device [GFX0] (multi-head: yes  rom: no  post: no)
Jan 12 07:09:56 cjeon kernel: [    0.603134] input: Video Bus as /devices/LNXSYSTM:00/LNXSYBUS:00/PNP0A03:00/LNXVIDEO:00/input/input2
Jan 12 07:09:56 cjeon kernel: [    0.603861] Serial: 8250/16550 driver, 4 ports, IRQ sharing enabled
Jan 12 07:09:56 cjeon kernel: [    0.606219] Non-volatile memory driver v1.3
Jan 12 07:09:56 cjeon kernel: [    0.606389] Linux agpgart interface v0.103
Jan 12 07:09:56 cjeon kernel: [    0.606618] ACPI: bus type drm_connector registered
Jan 12 07:09:56 cjeon kernel: [    0.610322] loop: module loaded
Jan 12 07:09:56 cjeon kernel: [    0.610521] ata_piix 0000:00:01.1: version 2.13
Jan 12 07:09:56 cjeon kernel: [    0.611018] scsi host0: ata_piix
Jan 12 07:09:56 cjeon kernel: [    0.611944] scsi host1: ata_piix
Jan 12 07:09:56 cjeon kernel: [    0.612324] ata1: PATA max UDMA/33 cmd 0x1f0 ctl 0x3f6 bmdma 0xd000 irq 14
Jan 12 07:09:56 cjeon kernel: [    0.612545] ata2: PATA max UDMA/33 cmd 0x170 ctl 0x376 bmdma 0xd008 irq 15
Jan 12 07:09:56 cjeon kernel: [    0.612890] e100: Intel(R) PRO/100 Network Driver
Jan 12 07:09:56 cjeon kernel: [    0.613102] e100: Copyright(c) 1999-2006 Intel Corporation
Jan 12 07:09:56 cjeon kernel: [    0.613369] e1000: Intel(R) PRO/1000 Network Driver
Jan 12 07:09:56 cjeon kernel: [    0.613574] e1000: Copyright (c) 1999-2006 Intel Corporation.
Jan 12 07:09:56 cjeon kernel: [    0.767157] ata1.01: ATA-6: VBOX HARDDISK, 1.0, max UDMA/133
Jan 12 07:09:56 cjeon kernel: [    0.767375] ata1.01: 62914560 sectors, multi 128: LBA 
Jan 12 07:09:56 cjeon kernel: [    0.767739] ata2.00: ATAPI: VBOX CD-ROM, 1.0, max UDMA/133
Jan 12 07:09:56 cjeon kernel: [    0.768540] scsi 0:0:1:0: Direct-Access     ATA      VBOX HARDDISK    1.0  PQ: 0 ANSI: 5
Jan 12 07:09:56 cjeon kernel: [    0.769150] scsi 0:0:1:0: Attached scsi generic sg0 type 0
Jan 12 07:09:56 cjeon kernel: [    0.769359] sd 0:0:1:0: [sda] 62914560 512-byte logical blocks: (32.2 GB/30.0 GiB)
Jan 12 07:09:56 cjeon kernel: [    0.769759] sd 0:0:1:0: [sda] Write Protect is off
Jan 12 07:09:56 cjeon kernel: [    0.769976] sd 0:0:1:0: [sda] Mode Sense: 00 3a 00 00
Jan 12 07:09:56 cjeon kernel: [    0.769988] sd 0:0:1:0: [sda] Write cache: enabled, read cache: enabled, doesn't support DPO or FUA
Jan 12 07:09:56 cjeon kernel: [    0.770457] sd 0:0:1:0: [sda] Preferred minimum I/O size 512 bytes
Jan 12 07:09:56 cjeon kernel: [    0.770466] scsi 1:0:0:0: CD-ROM            VBOX     CD-ROM           1.0  PQ: 0 ANSI: 5
Jan 12 07:09:56 cjeon kernel: [    0.771310]  sda: sda1 sda2 sda3
Jan 12 07:09:56 cjeon kernel: [    0.771567] sd 0:0:1:0: [sda] Attached SCSI disk
Jan 12 07:09:56 cjeon kernel: [    0.779751] sr 1:0:0:0: [sr0] scsi3-mmc drive: 32x/32x xa/form2 tray
Jan 12 07:09:56 cjeon kernel: [    0.780014] cdrom: Uniform CD-ROM driver Revision: 3.20
Jan 12 07:09:56 cjeon kernel: [    0.788218] sr 1:0:0:0: Attached scsi CD-ROM sr0
Jan 12 07:09:56 cjeon kernel: [    0.788372] sr 1:0:0:0: Attached scsi generic sg1 type 5
Jan 12 07:09:56 cjeon kernel: [    1.190213] e1000 0000:00:03.0 eth0: (PCI:33MHz:32-bit) 08:00:27:ec:fa:a5
Jan 12 07:09:56 cjeon kernel: [    1.190213] e1000 0000:00:03.0 eth0: Intel(R) PRO/1000 Network Connection
Jan 12 07:09:56 cjeon kernel: [    1.190213] e1000e: Intel(R) PRO/1000 Network Driver
Jan 12 07:09:56 cjeon kernel: [    1.190213] e1000e: Copyright(c) 1999 - 2015 Intel Corporation.
Jan 12 07:09:56 cjeon kernel: [    1.190213] sky2: driver version 1.30
Jan 12 07:09:56 cjeon kernel: [    1.192392] ohci-pci 0000:00:06.0: OHCI PCI host controller
Jan 12 07:09:56 cjeon kernel: [    1.192698] ohci-pci 0000:00:06.0: new USB bus registered, assigned bus number 1
Jan 12 07:09:56 cjeon kernel: [    1.193000] ohci-pci 0000:00:06.0: irq 22, io mem 0xf1804000
Jan 12 07:09:56 cjeon kernel: [    1.245943] usb usb1: New USB device found, idVendor=1d6b, idProduct=0001, bcdDevice= 6.02
Jan 12 07:09:56 cjeon kernel: [    1.246230] usb usb1: New USB device strings: Mfr=3, Product=2, SerialNumber=1
Jan 12 07:09:56 cjeon kernel: [    1.246485] usb usb1: Product: OHCI PCI host controller
Jan 12 07:09:56 cjeon kernel: [    1.246572] usb usb1: Manufacturer: Linux 6.2.0-rc3-next-20230111 ohci_hcd
Jan 12 07:09:56 cjeon kernel: [    1.246572] usb usb1: SerialNumber: 0000:00:06.0
Jan 12 07:09:56 cjeon kernel: [    1.247256] hub 1-0:1.0: USB hub found
Jan 12 07:09:56 cjeon kernel: [    1.247415] hub 1-0:1.0: 12 ports detected
Jan 12 07:09:56 cjeon kernel: [    1.247912] usbcore: registered new interface driver usblp
Jan 12 07:09:56 cjeon kernel: [    1.248102] usbcore: registered new interface driver usb-storage
Jan 12 07:09:56 cjeon kernel: [    1.248207] i8042: PNP: PS/2 Controller [PNP0303:PS2K,PNP0f03:PS2M] at 0x60,0x64 irq 1,12
Jan 12 07:09:56 cjeon kernel: [    1.249170] serio: i8042 KBD port at 0x60,0x64 irq 1
Jan 12 07:09:56 cjeon kernel: [    1.249348] serio: i8042 AUX port at 0x60,0x64 irq 12
Jan 12 07:09:56 cjeon kernel: [    1.250664] rtc_cmos rtc_cmos: registered as rtc0
Jan 12 07:09:56 cjeon kernel: [    1.250939] rtc_cmos rtc_cmos: alarms up to one day, 114 bytes nvram
Jan 12 07:09:56 cjeon kernel: [    1.251229] input: AT Translated Set 2 keyboard as /devices/platform/i8042/serio0/input/input3
Jan 12 07:09:56 cjeon kernel: [    1.251582] fail to initialize ptp_kvm
Jan 12 07:09:56 cjeon kernel: [    1.251642] device-mapper: ioctl: 4.47.0-ioctl (2022-07-28) initialised: dm-devel@redhat.com
Jan 12 07:09:56 cjeon kernel: [    1.252183] intel_pstate: CPU model not supported
Jan 12 07:09:56 cjeon kernel: [    1.252403] hid: raw HID events driver (C) Jiri Kosina
Jan 12 07:09:56 cjeon kernel: [    1.252770] usbcore: registered new interface driver usbhid
Jan 12 07:09:56 cjeon kernel: [    1.252962] usbhid: USB HID core driver
Jan 12 07:09:56 cjeon kernel: [    1.258200] Initializing XFRM netlink socket
Jan 12 07:09:56 cjeon kernel: [    1.259817] NET: Registered PF_INET6 protocol family
Jan 12 07:09:56 cjeon kernel: [    1.260674] Segment Routing with IPv6
Jan 12 07:09:56 cjeon kernel: [    1.260858] In-situ OAM (IOAM) with IPv6
Jan 12 07:09:56 cjeon kernel: [    1.261102] sit: IPv6, IPv4 and MPLS over IPv4 tunneling driver
Jan 12 07:09:56 cjeon kernel: [    1.261455] NET: Registered PF_PACKET protocol family
Jan 12 07:09:56 cjeon kernel: [    1.261662] 9pnet: Installing 9P2000 support
Jan 12 07:09:56 cjeon kernel: [    1.261850] Key type dns_resolver registered
Jan 12 07:09:56 cjeon kernel: [    1.262603] IPI shorthand broadcast: enabled
Jan 12 07:09:56 cjeon kernel: [    1.264459] sched_clock: Marking stable (1234716081, 29482352)->(1282120057, -17921624)
Jan 12 07:09:56 cjeon kernel: [    1.265106] registered taskstats version 1
Jan 12 07:09:56 cjeon kernel: [    1.265270] Loading compiled-in X.509 certificates
Jan 12 07:09:56 cjeon kernel: [    1.266431] PM:   Magic number: 7:745:198
Jan 12 07:09:56 cjeon kernel: [    1.266645] printk: console [netcon0] enabled
Jan 12 07:09:56 cjeon kernel: [    1.266810] netconsole: network logging started
Jan 12 07:09:56 cjeon kernel: [    1.267323] cfg80211: Loading compiled-in X.509 certificates for regulatory database
Jan 12 07:09:56 cjeon kernel: [    1.267786] kworker/u12:1 (75) used greatest stack depth: 14704 bytes left
Jan 12 07:09:56 cjeon kernel: [    1.268113] kworker/u12:1 (76) used greatest stack depth: 14192 bytes left
Jan 12 07:09:56 cjeon kernel: [    1.268639] cfg80211: Loaded X.509 cert 'sforshee: 00b28ddf47aef9cea7'
Jan 12 07:09:56 cjeon kernel: [    1.268865] platform regulatory.0: Direct firmware load for regulatory.db failed with error -2
Jan 12 07:09:56 cjeon kernel: [    1.269155] cfg80211: failed to load regulatory.db
Jan 12 07:09:56 cjeon kernel: [    1.269383] ALSA device list:
Jan 12 07:09:56 cjeon kernel: [    1.269522]   No soundcards found.
Jan 12 07:09:56 cjeon kernel: [    1.641435] input: ImExPS/2 Generic Explorer Mouse as /devices/platform/i8042/serio1/input/input5
Jan 12 07:09:56 cjeon kernel: [    1.641907] md: Waiting for all devices to be available before autodetect
Jan 12 07:09:56 cjeon kernel: [    1.642138] md: If you don't use raid, use raid=noautodetect
Jan 12 07:09:56 cjeon kernel: [    1.642328] md: Autodetecting RAID arrays.
Jan 12 07:09:56 cjeon kernel: [    1.642486] md: autorun ...
Jan 12 07:09:56 cjeon kernel: [    1.642632] md: ... autorun DONE.
Jan 12 07:09:56 cjeon kernel: [    1.650334] EXT4-fs (sda3): INFO: recovery required on readonly filesystem
Jan 12 07:09:56 cjeon kernel: [    1.650930] EXT4-fs (sda3): write access will be enabled during recovery
Jan 12 07:09:56 cjeon kernel: [    1.657079] EXT4-fs (sda3): orphan cleanup on readonly fs
Jan 12 07:09:56 cjeon kernel: [    1.657332] EXT4-fs (sda3): 1 orphan inode deleted
Jan 12 07:09:56 cjeon kernel: [    1.657510] EXT4-fs (sda3): recovery complete
Jan 12 07:09:56 cjeon kernel: [    1.660002] EXT4-fs (sda3): mounted filesystem 7721247c-0504-4744-80b9-2213a5250007 with ordered data mode. Quota mode: none.
Jan 12 07:09:56 cjeon kernel: [    1.660407] VFS: Mounted root (ext4 filesystem) readonly on device 8:3.
Jan 12 07:09:56 cjeon kernel: [    1.661769] devtmpfs: mounted
Jan 12 07:09:56 cjeon kernel: [    1.662299] Freeing unused kernel image (initmem) memory: 2504K
Jan 12 07:09:56 cjeon kernel: [    1.662546] Write protecting the kernel read-only data: 26624k
Jan 12 07:09:56 cjeon kernel: [    1.663206] Freeing unused kernel image (rodata/data gap) memory: 1888K
Jan 12 07:09:56 cjeon kernel: [    1.699509] x86/mm: Checked W+X mappings: passed, no W+X pages found.
Jan 12 07:09:56 cjeon kernel: [    1.699749] x86/mm: Checking user space page tables
Jan 12 07:09:56 cjeon kernel: [    1.733699] x86/mm: Checked W+X mappings: passed, no W+X pages found.
Jan 12 07:09:56 cjeon kernel: [    1.733921] Run /sbin/init as init process
Jan 12 07:09:56 cjeon kernel: [    1.734078]   with arguments:
Jan 12 07:09:56 cjeon kernel: [    1.734079]     /sbin/init
Jan 12 07:09:56 cjeon kernel: [    1.734079]   with environment:
Jan 12 07:09:56 cjeon kernel: [    1.734080]     HOME=/
Jan 12 07:09:56 cjeon kernel: [    1.734080]     TERM=linux
Jan 12 07:09:56 cjeon kernel: [    1.734081]     BOOT_IMAGE=/vmlinuz-6.2.rc3
Jan 12 07:09:56 cjeon kernel: [    1.780300] stty (86) used greatest stack depth: 13512 bytes left
Jan 12 07:09:56 cjeon kernel: [    1.785898] dmesg (87) used greatest stack depth: 13488 bytes left
Jan 12 07:09:56 cjeon kernel: [    1.840214] usb 1-1: new full-speed USB device number 2 using ohci-pci
Jan 12 07:09:56 cjeon kernel: [    1.872059] ip (139) used greatest stack depth: 12952 bytes left
Jan 12 07:09:56 cjeon kernel: <30>[    1.908719] udevd[164]: starting version 3.2.11
Jan 12 07:09:56 cjeon kernel: <30>[    1.928350] udevd[165]: starting eudev-3.2.11
Jan 12 07:09:56 cjeon kernel: [    2.001490] e1000 0000:00:03.0 enp0s3: renamed from eth0
Jan 12 07:09:56 cjeon kernel: [    2.161090] usb 1-1: New USB device found, idVendor=80ee, idProduct=0021, bcdDevice= 1.00
Jan 12 07:09:56 cjeon kernel: [    2.161411] usb 1-1: New USB device strings: Mfr=1, Product=3, SerialNumber=0
Jan 12 07:09:56 cjeon kernel: [    2.161643] usb 1-1: Product: USB Tablet
Jan 12 07:09:56 cjeon kernel: [    2.161797] usb 1-1: Manufacturer: VirtualBox
Jan 12 07:09:56 cjeon kernel: [    2.174195] input: VirtualBox USB Tablet as /devices/pci0000:00/0000:00:06.0/usb1/1-1/1-1:1.0/0003:80EE:0021.0001/input/input6
Jan 12 07:09:56 cjeon kernel: [    2.174933] hid-generic 0003:80EE:0021.0001: input,hidraw0: USB HID v1.10 Mouse [VirtualBox USB Tablet] on usb-0000:00:06.0-1/input0
Jan 12 07:09:56 cjeon kernel: [    6.678188] Adding 4194300k swap on /dev/sda2.  Priority:1 extents:1 across:4194300k 
Jan 12 07:09:56 cjeon kernel: [    6.690996] EXT4-fs (sda3): re-mounted 7721247c-0504-4744-80b9-2213a5250007. Quota mode: none.
Jan 12 07:09:56 cjeon kernel: [    6.729582] EXT4-fs (sda3): re-mounted 7721247c-0504-4744-80b9-2213a5250007. Quota mode: none.
Jan 12 07:09:56 cjeon kernel: [    6.743204] EXT4-fs (sda1): mounted filesystem 1cf2a1f3-481f-4635-9b22-42c9cedb9e5b with ordered data mode. Quota mode: none.
Jan 12 07:09:56 cjeon kernel: [    7.039347] e1000: enp0s3 NIC Link is Up 1000 Mbps Full Duplex, Flow Control: RX
Jan 12 07:09:56 cjeon kernel: [    7.039897] IPv6: ADDRCONF(NETDEV_CHANGE): enp0s3: link becomes ready
